1790211663 | xmin | 0 | 0 | 
1790211663 | async_requests | 0 | 0 | 2026-09-24 00:52:58.261853+00
1790211663 | async_results | 0 | 0 | 2026-09-24 00:52:58.357479+00
1790211666 | xmin | 0 | 0 | 
1790211666 | async_requests | 0 | 0 | 2026-09-24 00:52:58.261853+00
1790211666 | async_results | 0 | 0 | 2026-09-24 00:52:58.357479+00
1790211668 | xmin | 0 | 0 | 
1790211668 | async_requests | 0 | 0 | 2026-09-24 00:52:58.261853+00
1790211668 | async_results | 0 | 0 | 2026-09-24 00:52:58.357479+00
1790211671 | xmin | 130 | 1 | 
1790211671 | async_requests | 46912 | 768 | 2026-09-24 00:52:58.261853+00
1790211671 | async_results | 0 | 0 | 2026-09-24 00:52:58.357479+00
1790211673 | xmin | 11 | 1 | 
1790211673 | async_requests | 46144 | 1792 | 2026-09-24 00:52:58.261853+00
1790211673 | async_results | 768 | 256 | 2026-09-24 00:52:58.357479+00
1790211676 | xmin | 11 | 4 | 
1790211676 | async_requests | 46144 | 1792 | 2026-09-24 00:52:58.261853+00
1790211676 | async_results | 512 | 512 | 2026-09-24 00:52:58.357479+00
1790211678 | xmin | 7 | 2 | 
1790211678 | async_requests | 45632 | 2560 | 2026-09-24 00:52:58.261853+00
1790211678 | async_results | 768 | 768 | 2026-09-24 00:52:58.357479+00
1790211681 | xmin | 6 | 0 | 
1790211681 | async_requests | 98720 | 2816 | 2026-09-24 00:52:58.261853+00
1790211681 | async_results | 256 | 1280 | 2026-09-24 00:52:58.357479+00
1790211683 | xmin | 8 | 3 | 
1790211683 | async_requests | 98464 | 3072 | 2026-09-24 00:52:58.261853+00
1790211683 | async_results | 256 | 1536 | 2026-09-24 00:52:58.357479+00
1790211686 | xmin | 8 | 0 | 
1790211686 | async_requests | 98464 | 3328 | 2026-09-24 00:52:58.261853+00
1790211686 | async_results | 256 | 1536 | 2026-09-24 00:52:58.357479+00
1790211688 | xmin | 9 | 3 | 
1790211688 | async_requests | 98208 | 3584 | 2026-09-24 00:52:58.261853+00
1790211688 | async_results | 256 | 1792 | 2026-09-24 00:52:58.357479+00
1790211691 | xmin | 8 | 1 | 
1790211691 | async_requests | 98208 | 3840 | 2026-09-24 00:52:58.261853+00
1790211691 | async_results | 256 | 1792 | 2026-09-24 00:52:58.357479+00
1790211693 | xmin | 8 | 4 | 
1790211693 | async_requests | 97952 | 4096 | 2026-09-24 00:52:58.261853+00
1790211693 | async_results | 256 | 2048 | 2026-09-24 00:52:58.357479+00
1790211696 | xmin | 10 | 1 | 
1790211696 | async_requests | 97952 | 4352 | 2026-09-24 00:52:58.261853+00
1790211696 | async_results | 256 | 2048 | 2026-09-24 00:52:58.357479+00
1790211698 | xmin | 10 | 4 | 
1790211698 | async_requests | 97696 | 4608 | 2026-09-24 00:52:58.261853+00
1790211698 | async_results | 256 | 2304 | 2026-09-24 00:52:58.357479+00
1790211701 | xmin | 9 | 2 | 
1790211701 | async_requests | 97696 | 4864 | 2026-09-24 00:52:58.261853+00
1790211701 | async_results | 256 | 2304 | 2026-09-24 00:52:58.357479+00
1790211703 | xmin | 1 | 0 | 
1790211703 | async_requests | 97440 | 5376 | 2026-09-24 00:52:58.261853+00
1790211703 | async_results | 256 | 2560 | 2026-09-24 00:52:58.357479+00
1790211705 | xmin | 7 | 2 | 
1790211705 | async_requests | 97440 | 5376 | 2026-09-24 00:52:58.261853+00
1790211705 | async_results | 0 | 2816 | 2026-09-24 00:52:58.357479+00
1790211708 | xmin | 9 | 1 | 
1790211708 | async_requests | 97184 | 5888 | 2026-09-24 00:52:58.261853+00
1790211708 | async_results | 256 | 2816 | 2026-09-24 00:52:58.357479+00
1790211711 | xmin | 9 | 3 | 
1790211711 | async_requests | 97184 | 5888 | 2026-09-24 00:52:58.261853+00
1790211711 | async_results | 0 | 3072 | 2026-09-24 00:52:58.357479+00
1790211713 | xmin | 9 | 1 | 
1790211713 | async_requests | 96928 | 6400 | 2026-09-24 00:52:58.261853+00
1790211713 | async_results | 0 | 3328 | 2026-09-24 00:52:58.357479+00
1790211715 | xmin | 12 | 4 | 
1790211715 | async_requests | 96928 | 6400 | 2026-09-24 00:52:58.261853+00
1790211715 | async_results | 0 | 3328 | 2026-09-24 00:52:58.357479+00
1790211718 | xmin | 9 | 2 | 
1790211718 | async_requests | 96416 | 7168 | 2026-09-24 00:52:58.261853+00
1790211718 | async_results | 256 | 3584 | 2026-09-24 00:52:58.357479+00
1790211720 | xmin | 1 | 0 | 
1790211720 | async_requests | 96416 | 512 | 2026-09-24 01:01:58.188237+00
1790211720 | async_results | 0 | 3584 | 2026-09-24 00:52:58.357479+00
1790211723 | xmin | 1 | 0 | 
1790211723 | async_requests | 90453 | 13387 | 2026-09-24 01:01:58.188237+00
1790211723 | async_results | 3136 | 6411 | 2026-09-24 00:52:58.357479+00
1790211725 | xmin | 0 | 0 | 
1790211725 | async_requests | 81621 | 31179 | 2026-09-24 01:01:58.188237+00
1790211725 | async_results | 1856 | 16523 | 2026-09-24 00:52:58.357479+00
1790211728 | xmin | 2 | 0 | 
1790211728 | async_requests | 75413 | 43531 | 2026-09-24 01:01:58.188237+00
1790211728 | async_results | 1664 | 22923 | 2026-09-24 00:52:58.357479+00
1790211730 | xmin | 0 | 0 | 
1790211730 | async_requests | 65557 | 63371 | 2026-09-24 01:01:58.188237+00
1790211730 | async_results | 4864 | 29579 | 2026-09-24 00:52:58.357479+00
1790211733 | xmin | 1 | 0 | 
1790211733 | async_requests | 58773 | 76811 | 2026-09-24 01:01:58.188237+00
1790211733 | async_results | 896 | 40331 | 2026-09-24 00:52:58.357479+00
1790211735 | xmin | 2 | 0 | 
1790211735 | async_requests | 48533 | 97291 | 2026-09-24 01:01:58.188237+00
1790211735 | async_results | 3968 | 47499 | 2026-09-24 00:52:58.357479+00
1790211738 | xmin | 1 | 0 | 
1790211738 | async_requests | 41813 | 112203 | 2026-09-24 01:01:58.188237+00
1790211738 | async_results | 3520 | 54667 | 2026-09-24 00:52:58.357479+00
1790211740 | xmin | 2 | 0 | 
1790211740 | async_requests | 31509 | 131467 | 2026-09-24 01:01:58.188237+00
1790211740 | async_results | 3136 | 65355 | 2026-09-24 00:52:58.357479+00
1790211743 | xmin | 0 | 0 | 
1790211743 | async_requests | 24725 | 144907 | 2026-09-24 01:01:58.188237+00
1790211743 | async_results | 2752 | 72523 | 2026-09-24 00:52:58.357479+00
1790211745 | xmin | 1 | 0 | 
1790211745 | async_requests | 14677 | 164939 | 2026-09-24 01:01:58.188237+00
1790211745 | async_results | 5824 | 79499 | 2026-09-24 00:52:58.357479+00
1790211748 | xmin | 4 | 0 | 
1790211748 | async_requests | 7957 | 178571 | 2026-09-24 01:01:58.188237+00
1790211748 | async_results | 1856 | 90187 | 2026-09-24 00:52:58.357479+00
1790211750 | xmin | 2 | 0 | 
1790211750 | async_requests | 56021 | 192011 | 2026-09-24 01:01:58.188237+00
1790211750 | async_results | 640 | 98187 | 2026-09-24 00:52:58.357479+00
1790211753 | xmin | 1 | 0 | 
1790211753 | async_requests | 69205 | 211915 | 2026-09-24 01:01:58.188237+00
1790211753 | async_results | 7040 | 101707 | 2026-09-24 00:52:58.357479+00
1790211755 | xmin | 1 | 0 | 
1790211755 | async_requests | 62549 | 225227 | 2026-09-24 01:01:58.188237+00
1790211755 | async_results | 6592 | 108811 | 2026-09-24 00:52:58.357479+00
1790211758 | xmin | 1 | 0 | 
1790211758 | async_requests | 52501 | 245515 | 2026-09-24 01:01:58.188237+00
1790211758 | async_results | 6080 | 119371 | 2026-09-24 00:52:58.357479+00
1790211760 | xmin | 2 | 0 | 
1790211760 | async_requests | 67253 | 260491 | 2026-09-24 01:01:58.188237+00
1790211760 | async_results | 2944 | 129803 | 2026-09-24 00:52:58.357479+00
1790211763 | xmin | 1 | 0 | 
1790211763 | async_requests | 57077 | 277323 | 2026-09-24 01:01:58.188237+00
1790211763 | async_results | 5952 | 136971 | 2026-09-24 00:52:58.357479+00
1790211765 | xmin | 4 | 0 | 
1790211765 | async_requests | 50229 | 294411 | 2026-09-24 01:01:58.188237+00
1790211765 | async_results | 2048 | 147723 | 2026-09-24 00:52:58.357479+00
1790211768 | xmin | 6 | 0 | 
1790211768 | async_requests | 39669 | 314699 | 2026-09-24 01:01:58.188237+00
1790211768 | async_results | 7488 | 152843 | 2026-09-24 00:52:58.357479+00
1790211770 | xmin | 6 | 0 | 
1790211770 | async_requests | 33333 | 327947 | 2026-09-24 01:01:58.188237+00
1790211770 | async_results | 10496 | 156171 | 2026-09-24 00:52:58.357479+00
1790211773 | xmin | 14 | 0 | 
1790211773 | async_requests | 25461 | 344267 | 2026-09-24 01:01:58.188237+00
1790211773 | async_results | 14272 | 160267 | 2026-09-24 00:52:58.357479+00
1790211775 | xmin | 18 | 0 | 
1790211775 | async_requests | 16757 | 360395 | 2026-09-24 01:01:58.188237+00
1790211775 | async_results | 20416 | 162827 | 2026-09-24 00:52:58.357479+00
1790211778 | xmin | 18 | 0 | 
1790211778 | async_requests | 10165 | 376715 | 2026-09-24 01:01:58.188237+00
1790211778 | async_results | 24960 | 164875 | 2026-09-24 00:52:58.357479+00
1790211780 | xmin | 0 | 0 | 
1790211780 | async_requests | 1864 | 7652 | 2026-09-24 01:02:58.310971+00
1790211780 | async_results | 31124 | 0 | 2026-09-24 01:02:58.415064+00
1790211783 | xmin | 0 | 0 | 
1790211783 | async_requests | 1864 | 7652 | 2026-09-24 01:02:58.310971+00
1790211783 | async_results | 0 | 34101 | 2026-09-24 01:02:58.415064+00
1790211785 | xmin | 0 | 0 | 
1790211785 | async_requests | 1864 | 7652 | 2026-09-24 01:02:58.310971+00
1790211785 | async_results | 0 | 34101 | 2026-09-24 01:02:58.415064+00
1790211788 | xmin | 0 | 0 | 
1790211788 | async_requests | 0 | 12125 | 2026-09-24 01:02:58.310971+00
1790211788 | async_results | 3641 | 34101 | 2026-09-24 01:02:58.415064+00
1790211790 | xmin | 0 | 0 | 
1790211790 | async_requests | 0 | 14862 | 2026-09-24 01:02:58.310971+00
1790211790 | async_results | 3818 | 34101 | 2026-09-24 01:02:58.415064+00
