1790264394 | xmin | 0 | 0 | 
1790264394 | async_requests | 0 | 4000 | 2026-09-24 15:36:14.215445+00
1790264394 | async_results | 1537 | 2000 | 2026-09-24 15:36:14.313311+00
1790264396 | xmin | 0 | 0 | 
1790264396 | async_requests | 0 | 4000 | 2026-09-24 15:36:14.215445+00
1790264396 | async_results | 1537 | 2000 | 2026-09-24 15:36:14.313311+00
1790264399 | xmin | 0 | 0 | 
1790264399 | async_requests | 0 | 4000 | 2026-09-24 15:36:14.215445+00
1790264399 | async_results | 1537 | 2000 | 2026-09-24 15:36:14.313311+00
1790264401 | xmin | 1 | 0 | 
1790264401 | async_requests | 18140 | 41700 | 2026-09-24 15:36:14.215445+00
1790264401 | async_results | 17281 | 3476 | 2026-09-24 15:36:14.313311+00
1790264404 | xmin | 4 | 0 | 
1790264404 | async_requests | 0 | 102756 | 2026-09-24 15:36:14.215445+00
1790264404 | async_results | 18113 | 33748 | 2026-09-24 15:36:14.313311+00
1790264406 | xmin | 1 | 0 | 
1790264406 | async_requests | 0 | 195172 | 2026-09-24 15:36:14.215445+00
1790264406 | async_results | 23553 | 74644 | 2026-09-24 15:36:14.313311+00
1790264409 | xmin | 1 | 0 | 
1790264409 | async_requests | 81859 | 248033 | 2026-09-24 15:36:14.215445+00
1790264409 | async_results | 24030 | 100756 | 2026-09-24 15:36:14.313311+00
1790264411 | xmin | 1 | 0 | 
1790264411 | async_requests | 39875 | 337121 | 2026-09-24 15:36:14.215445+00
1790264411 | async_results | 38174 | 131924 | 2026-09-24 15:36:14.313311+00
1790264414 | xmin | 0 | 0 | 
1790264414 | async_requests | 12227 | 393953 | 2026-09-24 15:36:14.215445+00
1790264414 | async_results | 26782 | 170964 | 2026-09-24 15:36:14.313311+00
1790264416 | xmin | 0 | 0 | 
1790264416 | async_requests | 0 | 0 | 2026-09-24 15:40:14.277291+00
1790264416 | async_results | 0 | 17119 | 2026-09-24 15:40:14.401994+00
1790264419 | xmin | 0 | 0 | 
1790264419 | async_requests | 51776 | 0 | 2026-09-24 15:40:14.277291+00
1790264419 | async_results | 0 | 31036 | 2026-09-24 15:40:14.401994+00
1790264421 | xmin | 0 | 0 | 
1790264421 | async_requests | 51776 | 0 | 2026-09-24 15:40:14.277291+00
1790264421 | async_results | 0 | 31036 | 2026-09-24 15:40:14.401994+00
1790264424 | xmin | 0 | 0 | 
1790264424 | async_requests | 51648 | 384 | 2026-09-24 15:40:14.277291+00
1790264424 | async_results | 128 | 31036 | 2026-09-24 15:40:14.401994+00
1790264426 | xmin | 0 | 0 | 
1790264426 | async_requests | 51648 | 384 | 2026-09-24 15:40:14.277291+00
1790264426 | async_results | 128 | 31036 | 2026-09-24 15:40:14.401994+00
