1790214641 | xmin | 0 | 0 | 
1790214641 | async_requests | 69721 | 717349 | 2026-09-24 01:49:59.229141+00
1790214641 | async_results | 3712 | 361547 | 2026-09-24 01:49:59.565463+00
1790214644 | xmin | 0 | 0 | 
1790214644 | async_requests | 69721 | 717349 | 2026-09-24 01:49:59.229141+00
1790214644 | async_results | 3712 | 361547 | 2026-09-24 01:49:59.565463+00
1790214646 | xmin | 0 | 0 | 
1790214646 | async_requests | 69721 | 717349 | 2026-09-24 01:49:59.229141+00
1790214646 | async_results | 3712 | 361547 | 2026-09-24 01:49:59.565463+00
1790214649 | xmin | 3 | 0 | 
1790214649 | async_requests | 95987 | 770443 | 2026-09-24 01:49:59.229141+00
1790214649 | async_results | 26342 | 365899 | 2026-09-24 01:49:59.565463+00
1790214651 | xmin | 1 | 0 | 
1790214651 | async_requests | 62611 | 845899 | 2026-09-24 01:49:59.229141+00
1790214651 | async_results | 35110 | 392907 | 2026-09-24 01:49:59.565463+00
1790214654 | xmin | 2 | 0 | 
1790214654 | async_requests | 36441 | 914277 | 2026-09-24 01:49:59.229141+00
1790214654 | async_results | 12282 | 450929 | 2026-09-24 01:49:59.565463+00
1790214656 | xmin | 5 | 0 | 
1790214656 | async_requests | 57786 | 1014820 | 2026-09-24 01:49:59.229141+00
1790214656 | async_results | 36674 | 477678 | 2026-09-24 01:49:59.565463+00
1790214659 | xmin | 1 | 0 | 
1790214659 | async_requests | 32762 | 1101796 | 2026-09-24 01:49:59.229141+00
1790214659 | async_results | 25858 | 530926 | 2026-09-24 01:49:59.565463+00
1790214661 | xmin | 0 | 0 | 
1790214661 | async_requests | 0 | 384 | 2026-09-24 01:50:59.795312+00
1790214661 | async_results | 384 | 19233 | 2026-09-24 01:51:00.048385+00
1790214664 | xmin | 0 | 0 | 
1790214664 | async_requests | 16672 | 384 | 2026-09-24 01:50:59.795312+00
1790214664 | async_results | 0 | 20893 | 2026-09-24 01:51:00.048385+00
1790214666 | xmin | 0 | 0 | 
1790214666 | async_requests | 45696 | 384 | 2026-09-24 01:50:59.795312+00
1790214666 | async_results | 0 | 30621 | 2026-09-24 01:51:00.048385+00
1790214669 | xmin | 0 | 0 | 
1790214669 | async_requests | 45696 | 7200 | 2026-09-24 01:50:59.795312+00
1790214669 | async_results | 0 | 30621 | 2026-09-24 01:51:00.048385+00
1790214671 | xmin | 0 | 0 | 
1790214671 | async_requests | 45696 | 7200 | 2026-09-24 01:50:59.795312+00
1790214671 | async_results | 0 | 30621 | 2026-09-24 01:51:00.048385+00
1790214674 | xmin | 0 | 0 | 
1790214674 | async_requests | 45696 | 7200 | 2026-09-24 01:50:59.795312+00
1790214674 | async_results | 0 | 30621 | 2026-09-24 01:51:00.048385+00
