submitting 3 batches x 12000 = 36000 requests
generated 52418670 bytes in 2.2s
submitted batch=batch_ce89e810-9661-4683-a278-5e411ed2a7c1 idx=0 bytes=17472890
submitted batch=batch_eefc527f-e5ec-48d0-9a2a-a29aa295a217 idx=1 bytes=17472890
submitted batch=batch_24df89de-8e55-40b1-a6c8-f29a568c9de9 idx=2 bytes=17472890
all batches submitted in 0.2s ids=3
SAMPLE t=0.0 done=0/36000 rate=0.0 terminal=0 failed=0
SAMPLE t=2.0 done=0/36000 rate=0.0 terminal=0 failed=0
SAMPLE t=4.0 done=0/36000 rate=0.0 terminal=0 failed=0
SAMPLE t=6.0 done=0/36000 rate=0.0 terminal=0 failed=0
SAMPLE t=8.0 done=0/36000 rate=0.0 terminal=0 failed=0
SAMPLE t=10.0 done=0/36000 rate=0.0 terminal=0 failed=0
SAMPLE t=12.0 done=0/36000 rate=0.0 terminal=0 failed=0
SAMPLE t=14.0 done=0/36000 rate=0.0 terminal=0 failed=0
SAMPLE t=16.0 done=1520/36000 rate=759.0 terminal=0 failed=0
SAMPLE t=18.0 done=1520/36000 rate=0.0 terminal=0 failed=0
SAMPLE t=20.0 done=1520/36000 rate=0.0 terminal=0 failed=0
SAMPLE t=22.0 done=1520/36000 rate=0.0 terminal=0 failed=0
SAMPLE t=24.1 done=1520/36000 rate=0.0 terminal=0 failed=0
SAMPLE t=26.1 done=1520/36000 rate=0.0 terminal=0 failed=0
SAMPLE t=28.1 done=1520/36000 rate=0.0 terminal=0 failed=0
SAMPLE t=30.1 done=1520/36000 rate=0.0 terminal=0 failed=0
SAMPLE t=32.1 done=3313/36000 rate=895.0 terminal=0 failed=0
SAMPLE t=34.1 done=3313/36000 rate=0.0 terminal=0 failed=0
SAMPLE t=36.1 done=3313/36000 rate=0.0 terminal=0 failed=0
SAMPLE t=38.1 done=3313/36000 rate=0.0 terminal=0 failed=0
SAMPLE t=40.1 done=3313/36000 rate=0.0 terminal=0 failed=0
SAMPLE t=42.1 done=3313/36000 rate=0.0 terminal=0 failed=0
SAMPLE t=44.1 done=3313/36000 rate=0.0 terminal=0 failed=0
SAMPLE t=46.1 done=4997/36000 rate=840.5 terminal=0 failed=0
SAMPLE t=48.1 done=4997/36000 rate=0.0 terminal=0 failed=0
SAMPLE t=50.1 done=4997/36000 rate=0.0 terminal=0 failed=0
SAMPLE t=52.1 done=4997/36000 rate=0.0 terminal=0 failed=0
SAMPLE t=54.1 done=4997/36000 rate=0.0 terminal=0 failed=0
SAMPLE t=56.1 done=4997/36000 rate=0.0 terminal=0 failed=0
SAMPLE t=58.1 done=4997/36000 rate=0.0 terminal=0 failed=0
SAMPLE t=60.1 done=4997/36000 rate=0.0 terminal=0 failed=0
SAMPLE t=62.1 done=6310/36000 rate=655.3 terminal=0 failed=0
SAMPLE t=64.1 done=6310/36000 rate=0.0 terminal=0 failed=0
SAMPLE t=66.1 done=6310/36000 rate=0.0 terminal=0 failed=0
SAMPLE t=68.1 done=6310/36000 rate=0.0 terminal=0 failed=0
SAMPLE t=70.1 done=6310/36000 rate=0.0 terminal=0 failed=0
SAMPLE t=72.1 done=6310/36000 rate=0.0 terminal=0 failed=0
SAMPLE t=74.1 done=6310/36000 rate=0.0 terminal=0 failed=0
SAMPLE t=76.1 done=6951/36000 rate=320.0 terminal=0 failed=0
SAMPLE t=78.1 done=6951/36000 rate=0.0 terminal=0 failed=0
SAMPLE t=80.2 done=6951/36000 rate=0.0 terminal=0 failed=0
SAMPLE t=82.2 done=6951/36000 rate=0.0 terminal=0 failed=0
SAMPLE t=84.2 done=6951/36000 rate=0.0 terminal=0 failed=0
SAMPLE t=86.2 done=6951/36000 rate=0.0 terminal=0 failed=0
SAMPLE t=88.2 done=6951/36000 rate=0.0 terminal=0 failed=0
SAMPLE t=90.2 done=6951/36000 rate=0.0 terminal=0 failed=0
SAMPLE t=92.2 done=7661/36000 rate=354.5 terminal=0 failed=0
SAMPLE t=94.2 done=7661/36000 rate=0.0 terminal=0 failed=0
SAMPLE t=96.2 done=7661/36000 rate=0.0 terminal=0 failed=0
SAMPLE t=98.2 done=7661/36000 rate=0.0 terminal=0 failed=0
SAMPLE t=100.2 done=7661/36000 rate=0.0 terminal=0 failed=0
SAMPLE t=102.2 done=7661/36000 rate=0.0 terminal=0 failed=0
SAMPLE t=104.2 done=7661/36000 rate=0.0 terminal=0 failed=0
SAMPLE t=106.2 done=8206/36000 rate=272.0 terminal=0 failed=0
SAMPLE t=108.2 done=8206/36000 rate=0.0 terminal=0 failed=0
SAMPLE t=110.2 done=8206/36000 rate=0.0 terminal=0 failed=0
SAMPLE t=112.2 done=8206/36000 rate=0.0 terminal=0 failed=0
SAMPLE t=114.2 done=8206/36000 rate=0.0 terminal=0 failed=0
SAMPLE t=116.2 done=8206/36000 rate=0.0 terminal=0 failed=0
SAMPLE t=118.2 done=8206/36000 rate=0.0 terminal=0 failed=0
SAMPLE t=120.2 done=8206/36000 rate=0.0 terminal=0 failed=0
SAMPLE t=122.2 done=8911/36000 rate=351.8 terminal=0 failed=0
SAMPLE t=124.2 done=8911/36000 rate=0.0 terminal=0 failed=0
SAMPLE t=126.2 done=8911/36000 rate=0.0 terminal=0 failed=0
SAMPLE t=128.2 done=8911/36000 rate=0.0 terminal=0 failed=0
SAMPLE t=130.2 done=8911/36000 rate=0.0 terminal=0 failed=0
SAMPLE t=132.2 done=8911/36000 rate=0.0 terminal=0 failed=0
SAMPLE t=134.2 done=8911/36000 rate=0.0 terminal=0 failed=0
SAMPLE t=136.3 done=9539/36000 rate=313.4 terminal=0 failed=0
SAMPLE t=138.3 done=9539/36000 rate=0.0 terminal=0 failed=0
SAMPLE t=140.3 done=9539/36000 rate=0.0 terminal=0 failed=0
SAMPLE t=142.3 done=9539/36000 rate=0.0 terminal=0 failed=0
SAMPLE t=144.3 done=9539/36000 rate=0.0 terminal=0 failed=0
SAMPLE t=146.3 done=9539/36000 rate=0.0 terminal=0 failed=0
SAMPLE t=148.3 done=9539/36000 rate=0.0 terminal=0 failed=0
SAMPLE t=150.3 done=9539/36000 rate=0.0 terminal=0 failed=0
SAMPLE t=152.3 done=10174/36000 rate=317.0 terminal=0 failed=0
SAMPLE t=154.3 done=10174/36000 rate=0.0 terminal=0 failed=0
SAMPLE t=156.3 done=10174/36000 rate=0.0 terminal=0 failed=0
SAMPLE t=158.3 done=10174/36000 rate=0.0 terminal=0 failed=0
SAMPLE t=160.3 done=10174/36000 rate=0.0 terminal=0 failed=0
SAMPLE t=162.3 done=10174/36000 rate=0.0 terminal=0 failed=0
SAMPLE t=164.3 done=10174/36000 rate=0.0 terminal=0 failed=0
SAMPLE t=166.3 done=10822/36000 rate=323.4 terminal=0 failed=0
SAMPLE t=168.3 done=10822/36000 rate=0.0 terminal=0 failed=0
SAMPLE t=170.3 done=10822/36000 rate=0.0 terminal=0 failed=0
SAMPLE t=172.3 done=10822/36000 rate=0.0 terminal=0 failed=0
SAMPLE t=174.3 done=10822/36000 rate=0.0 terminal=0 failed=0
SAMPLE t=176.3 done=10822/36000 rate=0.0 terminal=0 failed=0
SAMPLE t=178.3 done=10822/36000 rate=0.0 terminal=0 failed=0
SAMPLE t=180.3 done=10822/36000 rate=0.0 terminal=0 failed=0
SAMPLE t=182.3 done=11418/36000 rate=297.5 terminal=0 failed=0
SAMPLE t=184.3 done=11418/36000 rate=0.0 terminal=0 failed=0
SAMPLE t=186.3 done=11418/36000 rate=0.0 terminal=0 failed=0
SAMPLE t=188.3 done=11418/36000 rate=0.0 terminal=0 failed=0
SAMPLE t=190.3 done=11418/36000 rate=0.0 terminal=0 failed=0
SAMPLE t=192.3 done=11418/36000 rate=0.0 terminal=0 failed=0
SAMPLE t=194.3 done=11418/36000 rate=0.0 terminal=0 failed=0
SAMPLE t=196.4 done=12114/36000 rate=347.5 terminal=0 failed=0
SAMPLE t=198.4 done=12114/36000 rate=0.0 terminal=0 failed=0
SAMPLE t=200.4 done=12114/36000 rate=0.0 terminal=0 failed=0
SAMPLE t=202.4 done=12114/36000 rate=0.0 terminal=0 failed=0
SAMPLE t=204.4 done=12114/36000 rate=0.0 terminal=0 failed=0
SAMPLE t=206.4 done=12114/36000 rate=0.0 terminal=0 failed=0
SAMPLE t=208.4 done=12114/36000 rate=0.0 terminal=0 failed=0
SAMPLE t=210.4 done=12114/36000 rate=0.0 terminal=0 failed=0
SAMPLE t=212.4 done=12737/36000 rate=311.0 terminal=0 failed=0
SAMPLE t=214.4 done=12737/36000 rate=0.0 terminal=0 failed=0
SAMPLE t=216.4 done=12737/36000 rate=0.0 terminal=0 failed=0
SAMPLE t=218.4 done=12737/36000 rate=0.0 terminal=0 failed=0
SAMPLE t=220.4 done=12737/36000 rate=0.0 terminal=0 failed=0
SAMPLE t=222.4 done=12737/36000 rate=0.0 terminal=0 failed=0
SAMPLE t=224.4 done=12737/36000 rate=0.0 terminal=0 failed=0
SAMPLE t=226.4 done=13337/36000 rate=299.5 terminal=0 failed=0
SAMPLE t=228.4 done=13337/36000 rate=0.0 terminal=0 failed=0
SAMPLE t=230.4 done=13337/36000 rate=0.0 terminal=0 failed=0
SAMPLE t=232.4 done=13337/36000 rate=0.0 terminal=0 failed=0
SAMPLE t=234.4 done=13337/36000 rate=0.0 terminal=0 failed=0
SAMPLE t=236.4 done=13337/36000 rate=0.0 terminal=0 failed=0
SAMPLE t=238.4 done=13337/36000 rate=0.0 terminal=0 failed=0
SAMPLE t=240.4 done=13337/36000 rate=0.0 terminal=0 failed=0
SAMPLE t=242.4 done=14011/36000 rate=336.6 terminal=0 failed=0
SAMPLE t=244.4 done=14011/36000 rate=0.0 terminal=0 failed=0
SAMPLE t=246.4 done=14011/36000 rate=0.0 terminal=0 failed=0
SAMPLE t=248.4 done=14011/36000 rate=0.0 terminal=0 failed=0
SAMPLE t=250.4 done=14011/36000 rate=0.0 terminal=0 failed=0
SAMPLE t=252.4 done=14011/36000 rate=0.0 terminal=0 failed=0
SAMPLE t=254.4 done=14011/36000 rate=0.0 terminal=0 failed=0
SAMPLE t=256.4 done=14499/36000 rate=243.6 terminal=0 failed=0
SAMPLE t=258.4 done=14499/36000 rate=0.0 terminal=0 failed=0
SAMPLE t=260.5 done=14499/36000 rate=0.0 terminal=0 failed=0
SAMPLE t=262.5 done=14499/36000 rate=0.0 terminal=0 failed=0
SAMPLE t=264.5 done=14499/36000 rate=0.0 terminal=0 failed=0
SAMPLE t=266.5 done=14499/36000 rate=0.0 terminal=0 failed=0
SAMPLE t=268.5 done=14499/36000 rate=0.0 terminal=0 failed=0
SAMPLE t=270.5 done=14499/36000 rate=0.0 terminal=0 failed=0
SAMPLE t=272.5 done=15112/36000 rate=306.0 terminal=0 failed=0
SAMPLE t=274.5 done=15112/36000 rate=0.0 terminal=0 failed=0
SAMPLE t=276.5 done=15112/36000 rate=0.0 terminal=0 failed=0
SAMPLE t=278.5 done=15112/36000 rate=0.0 terminal=0 failed=0
SAMPLE t=280.5 done=15112/36000 rate=0.0 terminal=0 failed=0
SAMPLE t=282.5 done=15112/36000 rate=0.0 terminal=0 failed=0
SAMPLE t=284.5 done=15112/36000 rate=0.0 terminal=0 failed=0
SAMPLE t=286.5 done=15781/36000 rate=334.0 terminal=0 failed=0
SAMPLE t=288.5 done=15781/36000 rate=0.0 terminal=0 failed=0
SAMPLE t=290.5 done=15781/36000 rate=0.0 terminal=0 failed=0
SAMPLE t=292.5 done=15781/36000 rate=0.0 terminal=0 failed=0
SAMPLE t=294.5 done=15781/36000 rate=0.0 terminal=0 failed=0
SAMPLE t=296.5 done=15781/36000 rate=0.0 terminal=0 failed=0
SAMPLE t=298.5 done=15781/36000 rate=0.0 terminal=0 failed=0
SAMPLE t=300.5 done=15781/36000 rate=0.0 terminal=0 failed=0
SAMPLE t=302.5 done=16324/36000 rate=271.1 terminal=0 failed=0
SAMPLE t=304.5 done=16324/36000 rate=0.0 terminal=0 failed=0
SAMPLE t=306.5 done=16324/36000 rate=0.0 terminal=0 failed=0
SAMPLE t=308.5 done=16324/36000 rate=0.0 terminal=0 failed=0
SAMPLE t=310.5 done=16324/36000 rate=0.0 terminal=0 failed=0
SAMPLE t=312.5 done=16324/36000 rate=0.0 terminal=0 failed=0
SAMPLE t=314.5 done=16324/36000 rate=0.0 terminal=0 failed=0
SAMPLE t=316.5 done=16998/36000 rate=336.5 terminal=0 failed=0
SAMPLE t=318.5 done=16998/36000 rate=0.0 terminal=0 failed=0
SAMPLE t=320.5 done=16998/36000 rate=0.0 terminal=0 failed=0
SAMPLE t=322.5 done=16998/36000 rate=0.0 terminal=0 failed=0
SAMPLE t=324.6 done=16998/36000 rate=0.0 terminal=0 failed=0
SAMPLE t=326.6 done=16998/36000 rate=0.0 terminal=0 failed=0
SAMPLE t=328.6 done=16998/36000 rate=0.0 terminal=0 failed=0
SAMPLE t=330.6 done=16998/36000 rate=0.0 terminal=0 failed=0
SAMPLE t=332.6 done=17679/36000 rate=339.9 terminal=0 failed=0
SAMPLE t=334.6 done=17679/36000 rate=0.0 terminal=0 failed=0
SAMPLE t=336.6 done=17679/36000 rate=0.0 terminal=0 failed=0
SAMPLE t=338.6 done=17679/36000 rate=0.0 terminal=0 failed=0
SAMPLE t=340.6 done=17679/36000 rate=0.0 terminal=0 failed=0
SAMPLE t=342.6 done=17679/36000 rate=0.0 terminal=0 failed=0
SAMPLE t=344.6 done=17679/36000 rate=0.0 terminal=0 failed=0
SAMPLE t=346.6 done=18362/36000 rate=340.9 terminal=0 failed=0
SAMPLE t=348.6 done=18362/36000 rate=0.0 terminal=0 failed=0
SAMPLE t=350.6 done=18362/36000 rate=0.0 terminal=0 failed=0
SAMPLE t=352.6 done=18362/36000 rate=0.0 terminal=0 failed=0
SAMPLE t=354.6 done=18362/36000 rate=0.0 terminal=0 failed=0
SAMPLE t=356.6 done=18362/36000 rate=0.0 terminal=0 failed=0
SAMPLE t=358.6 done=18362/36000 rate=0.0 terminal=0 failed=0
SAMPLE t=360.6 done=18362/36000 rate=0.0 terminal=0 failed=0
SAMPLE t=362.6 done=19062/36000 rate=349.4 terminal=0 failed=0
SAMPLE t=364.6 done=19062/36000 rate=0.0 terminal=0 failed=0
SAMPLE t=366.6 done=19062/36000 rate=0.0 terminal=0 failed=0
SAMPLE t=368.6 done=19062/36000 rate=0.0 terminal=0 failed=0
SAMPLE t=370.6 done=19062/36000 rate=0.0 terminal=0 failed=0
SAMPLE t=372.6 done=19062/36000 rate=0.0 terminal=0 failed=0
SAMPLE t=374.6 done=19062/36000 rate=0.0 terminal=0 failed=0
SAMPLE t=376.6 done=19710/36000 rate=323.5 terminal=0 failed=0
SAMPLE t=378.6 done=19710/36000 rate=0.0 terminal=0 failed=0
SAMPLE t=380.6 done=19710/36000 rate=0.0 terminal=0 failed=0
SAMPLE t=382.7 done=19710/36000 rate=0.0 terminal=0 failed=0
SAMPLE t=384.7 done=19710/36000 rate=0.0 terminal=0 failed=0
SAMPLE t=386.7 done=19710/36000 rate=0.0 terminal=0 failed=0
SAMPLE t=388.7 done=19710/36000 rate=0.0 terminal=0 failed=0
SAMPLE t=390.7 done=19710/36000 rate=0.0 terminal=0 failed=0
SAMPLE t=392.7 done=20365/36000 rate=326.9 terminal=0 failed=0
SAMPLE t=394.7 done=20365/36000 rate=0.0 terminal=0 failed=0
SAMPLE t=396.7 done=20365/36000 rate=0.0 terminal=0 failed=0
SAMPLE t=398.7 done=20365/36000 rate=0.0 terminal=0 failed=0
SAMPLE t=400.7 done=20365/36000 rate=0.0 terminal=0 failed=0
SAMPLE t=402.7 done=20365/36000 rate=0.0 terminal=0 failed=0
SAMPLE t=404.7 done=20365/36000 rate=0.0 terminal=0 failed=0
SAMPLE t=406.7 done=20956/36000 rate=295.1 terminal=0 failed=0
SAMPLE t=408.7 done=20956/36000 rate=0.0 terminal=0 failed=0
SAMPLE t=410.7 done=20956/36000 rate=0.0 terminal=0 failed=0
SAMPLE t=412.7 done=20956/36000 rate=0.0 terminal=0 failed=0
SAMPLE t=414.7 done=20956/36000 rate=0.0 terminal=0 failed=0
SAMPLE t=416.7 done=20956/36000 rate=0.0 terminal=0 failed=0
SAMPLE t=418.7 done=20956/36000 rate=0.0 terminal=0 failed=0
SAMPLE t=420.7 done=20956/36000 rate=0.0 terminal=0 failed=0
SAMPLE t=422.7 done=21522/36000 rate=282.5 terminal=0 failed=0
SAMPLE t=424.7 done=21522/36000 rate=0.0 terminal=0 failed=0
SAMPLE t=426.7 done=21522/36000 rate=0.0 terminal=0 failed=0
SAMPLE t=428.7 done=21522/36000 rate=0.0 terminal=0 failed=0
SAMPLE t=430.7 done=21522/36000 rate=0.0 terminal=0 failed=0
SAMPLE t=432.7 done=21522/36000 rate=0.0 terminal=0 failed=0
SAMPLE t=434.7 done=21522/36000 rate=0.0 terminal=0 failed=0
SAMPLE t=436.7 done=22269/36000 rate=373.0 terminal=0 failed=0
SAMPLE t=438.7 done=22269/36000 rate=0.0 terminal=0 failed=0
SAMPLE t=440.8 done=22269/36000 rate=0.0 terminal=0 failed=0
SAMPLE t=442.8 done=22269/36000 rate=0.0 terminal=0 failed=0
SAMPLE t=444.8 done=22269/36000 rate=0.0 terminal=0 failed=0
SAMPLE t=446.8 done=22269/36000 rate=0.0 terminal=0 failed=0
SAMPLE t=448.8 done=22269/36000 rate=0.0 terminal=0 failed=0
SAMPLE t=450.8 done=22269/36000 rate=0.0 terminal=0 failed=0
SAMPLE t=452.8 done=22955/36000 rate=342.4 terminal=0 failed=0
SAMPLE t=454.8 done=22955/36000 rate=0.0 terminal=0 failed=0
SAMPLE t=456.8 done=22955/36000 rate=0.0 terminal=0 failed=0
SAMPLE t=458.8 done=22955/36000 rate=0.0 terminal=0 failed=0
SAMPLE t=460.8 done=22955/36000 rate=0.0 terminal=0 failed=0
SAMPLE t=462.8 done=22955/36000 rate=0.0 terminal=0 failed=0
SAMPLE t=464.8 done=22955/36000 rate=0.0 terminal=0 failed=0
SAMPLE t=466.8 done=23551/36000 rate=297.5 terminal=0 failed=0
SAMPLE t=468.8 done=23551/36000 rate=0.0 terminal=0 failed=0
SAMPLE t=470.8 done=23551/36000 rate=0.0 terminal=0 failed=0
SAMPLE t=472.8 done=23551/36000 rate=0.0 terminal=0 failed=0
SAMPLE t=474.8 done=23551/36000 rate=0.0 terminal=0 failed=0
SAMPLE t=476.8 done=23551/36000 rate=0.0 terminal=0 failed=0
SAMPLE t=478.8 done=23551/36000 rate=0.0 terminal=0 failed=0
SAMPLE t=480.8 done=23631/36000 rate=39.9 terminal=0 failed=0
SAMPLE t=482.8 done=24144/36000 rate=256.1 terminal=0 failed=0
SAMPLE t=484.8 done=24144/36000 rate=0.0 terminal=0 failed=0
SAMPLE t=486.8 done=24144/36000 rate=0.0 terminal=0 failed=0
SAMPLE t=488.8 done=24144/36000 rate=0.0 terminal=0 failed=0
SAMPLE t=490.8 done=24144/36000 rate=0.0 terminal=0 failed=0
SAMPLE t=492.8 done=24144/36000 rate=0.0 terminal=0 failed=0
SAMPLE t=494.8 done=24144/36000 rate=0.0 terminal=0 failed=0
SAMPLE t=496.8 done=24826/36000 rate=340.4 terminal=0 failed=0
SAMPLE t=498.9 done=24826/36000 rate=0.0 terminal=0 failed=0
SAMPLE t=500.9 done=24826/36000 rate=0.0 terminal=0 failed=0
SAMPLE t=502.9 done=24826/36000 rate=0.0 terminal=0 failed=0
SAMPLE t=504.9 done=24826/36000 rate=0.0 terminal=0 failed=0
SAMPLE t=506.9 done=24826/36000 rate=0.0 terminal=0 failed=0
SAMPLE t=508.9 done=24826/36000 rate=0.0 terminal=0 failed=0
SAMPLE t=510.9 done=24948/36000 rate=60.9 terminal=0 failed=0
SAMPLE t=512.9 done=25432/36000 rate=241.6 terminal=0 failed=0
SAMPLE t=514.9 done=25432/36000 rate=0.0 terminal=0 failed=0
SAMPLE t=516.9 done=25432/36000 rate=0.0 terminal=0 failed=0
SAMPLE t=518.9 done=25432/36000 rate=0.0 terminal=0 failed=0
SAMPLE t=520.9 done=25432/36000 rate=0.0 terminal=0 failed=0
SAMPLE t=522.9 done=25432/36000 rate=0.0 terminal=0 failed=0
SAMPLE t=524.9 done=25432/36000 rate=0.0 terminal=0 failed=0
SAMPLE t=526.9 done=26056/36000 rate=311.5 terminal=0 failed=0
SAMPLE t=528.9 done=26056/36000 rate=0.0 terminal=0 failed=0
SAMPLE t=530.9 done=26056/36000 rate=0.0 terminal=0 failed=0
SAMPLE t=532.9 done=26056/36000 rate=0.0 terminal=0 failed=0
SAMPLE t=534.9 done=26056/36000 rate=0.0 terminal=0 failed=0
SAMPLE t=536.9 done=26056/36000 rate=0.0 terminal=0 failed=0
SAMPLE t=538.9 done=26056/36000 rate=0.0 terminal=0 failed=0
SAMPLE t=540.9 done=26718/36000 rate=330.3 terminal=0 failed=0
SAMPLE t=542.9 done=26718/36000 rate=0.0 terminal=0 failed=0
SAMPLE t=544.9 done=26718/36000 rate=0.0 terminal=0 failed=0
SAMPLE t=546.9 done=26718/36000 rate=0.0 terminal=0 failed=0
SAMPLE t=548.9 done=26718/36000 rate=0.0 terminal=0 failed=0
SAMPLE t=550.9 done=26718/36000 rate=0.0 terminal=0 failed=0
SAMPLE t=553.0 done=26718/36000 rate=0.0 terminal=0 failed=0
SAMPLE t=555.0 done=26718/36000 rate=0.0 terminal=0 failed=0
SAMPLE t=557.0 done=27360/36000 rate=320.5 terminal=0 failed=0
SAMPLE t=559.0 done=27360/36000 rate=0.0 terminal=0 failed=0
SAMPLE t=561.0 done=27360/36000 rate=0.0 terminal=0 failed=0
SAMPLE t=563.0 done=27360/36000 rate=0.0 terminal=0 failed=0
SAMPLE t=565.0 done=27360/36000 rate=0.0 terminal=0 failed=0
SAMPLE t=567.0 done=27360/36000 rate=0.0 terminal=0 failed=0
SAMPLE t=569.0 done=27360/36000 rate=0.0 terminal=0 failed=0
SAMPLE t=571.0 done=27944/36000 rate=291.5 terminal=0 failed=0
SAMPLE t=573.0 done=27944/36000 rate=0.0 terminal=0 failed=0
SAMPLE t=575.0 done=27944/36000 rate=0.0 terminal=0 failed=0
SAMPLE t=577.0 done=27944/36000 rate=0.0 terminal=0 failed=0
SAMPLE t=579.0 done=27944/36000 rate=0.0 terminal=0 failed=0
SAMPLE t=581.0 done=27944/36000 rate=0.0 terminal=0 failed=0
SAMPLE t=583.0 done=27944/36000 rate=0.0 terminal=0 failed=0
SAMPLE t=585.0 done=27944/36000 rate=0.0 terminal=0 failed=0
SAMPLE t=587.0 done=28642/36000 rate=348.3 terminal=0 failed=0
SAMPLE t=589.0 done=28642/36000 rate=0.0 terminal=0 failed=0
SAMPLE t=591.0 done=28642/36000 rate=0.0 terminal=0 failed=0
SAMPLE t=593.0 done=28642/36000 rate=0.0 terminal=0 failed=0
SAMPLE t=595.0 done=28642/36000 rate=0.0 terminal=0 failed=0
SAMPLE t=597.0 done=28642/36000 rate=0.0 terminal=0 failed=0
SAMPLE t=599.0 done=28642/36000 rate=0.0 terminal=0 failed=0
SAMPLE t=601.0 done=29286/36000 rate=321.4 terminal=0 failed=0
SAMPLE t=603.0 done=29286/36000 rate=0.0 terminal=0 failed=0
SAMPLE t=605.0 done=29286/36000 rate=0.0 terminal=0 failed=0
SAMPLE t=607.0 done=29286/36000 rate=0.0 terminal=0 failed=0
SAMPLE t=609.1 done=29286/36000 rate=0.0 terminal=0 failed=0
SAMPLE t=611.1 done=29286/36000 rate=0.0 terminal=0 failed=0
SAMPLE t=613.1 done=29286/36000 rate=0.0 terminal=0 failed=0
SAMPLE t=615.1 done=29286/36000 rate=0.0 terminal=0 failed=0
SAMPLE t=617.1 done=29934/36000 rate=323.4 terminal=0 failed=0
SAMPLE t=619.1 done=29934/36000 rate=0.0 terminal=0 failed=0
SAMPLE t=621.1 done=29934/36000 rate=0.0 terminal=0 failed=0
SAMPLE t=623.1 done=29934/36000 rate=0.0 terminal=0 failed=0
SAMPLE t=625.1 done=29934/36000 rate=0.0 terminal=0 failed=0
SAMPLE t=627.1 done=29934/36000 rate=0.0 terminal=0 failed=0
SAMPLE t=629.1 done=29934/36000 rate=0.0 terminal=0 failed=0
SAMPLE t=631.1 done=30614/36000 rate=339.5 terminal=0 failed=0
SAMPLE t=633.1 done=30614/36000 rate=0.0 terminal=0 failed=0
SAMPLE t=635.1 done=30614/36000 rate=0.0 terminal=0 failed=0
SAMPLE t=637.1 done=30614/36000 rate=0.0 terminal=0 failed=0
SAMPLE t=639.1 done=30614/36000 rate=0.0 terminal=0 failed=0
SAMPLE t=641.1 done=30614/36000 rate=0.0 terminal=0 failed=0
SAMPLE t=643.1 done=30614/36000 rate=0.0 terminal=0 failed=0
SAMPLE t=645.1 done=30614/36000 rate=0.0 terminal=0 failed=0
SAMPLE t=647.1 done=31247/36000 rate=316.0 terminal=0 failed=0
SAMPLE t=649.1 done=31247/36000 rate=0.0 terminal=0 failed=0
SAMPLE t=651.1 done=31247/36000 rate=0.0 terminal=0 failed=0
SAMPLE t=653.1 done=31247/36000 rate=0.0 terminal=0 failed=0
SAMPLE t=655.1 done=31247/36000 rate=0.0 terminal=0 failed=0
SAMPLE t=657.1 done=31471/36000 rate=111.8 terminal=1 failed=0
SAMPLE t=659.1 done=31471/36000 rate=0.0 terminal=1 failed=0
