submitting 3 batches x 2000 = 6000 requests
generated 8732670 bytes in 0.4s
submitted batch=batch_746ab39f-71a9-4d7e-a0a5-786928f65fc6 idx=0 bytes=2910890
submitted batch=batch_ad6ccd6a-21e6-421f-976e-cad59a4d31c6 idx=2 bytes=2910890
submitted batch=batch_ba054b06-a9e7-406a-9557-966800aa6dbf idx=1 bytes=2910890
all batches submitted in 0.1s ids=3
SAMPLE t=0.0 done=0/6000 rate=0.0 terminal=0 failed=0
SAMPLE t=2.0 done=0/6000 rate=0.0 terminal=0 failed=0
SAMPLE t=4.0 done=0/6000 rate=0.0 terminal=0 failed=0
SAMPLE t=6.0 done=0/6000 rate=0.0 terminal=0 failed=0
SAMPLE t=8.0 done=0/6000 rate=0.0 terminal=0 failed=0
SAMPLE t=10.0 done=0/6000 rate=0.0 terminal=0 failed=0
SAMPLE t=12.0 done=0/6000 rate=0.0 terminal=0 failed=0
SAMPLE t=14.0 done=0/6000 rate=0.0 terminal=0 failed=0
SAMPLE t=16.0 done=256/6000 rate=127.8 terminal=0 failed=0
SAMPLE t=18.0 done=256/6000 rate=0.0 terminal=0 failed=0
SAMPLE t=20.0 done=256/6000 rate=0.0 terminal=0 failed=0
SAMPLE t=22.0 done=256/6000 rate=0.0 terminal=0 failed=0
SAMPLE t=24.0 done=256/6000 rate=0.0 terminal=0 failed=0
SAMPLE t=26.0 done=256/6000 rate=0.0 terminal=0 failed=0
SAMPLE t=28.0 done=256/6000 rate=0.0 terminal=0 failed=0
SAMPLE t=30.1 done=256/6000 rate=0.0 terminal=0 failed=0
SAMPLE t=32.1 done=768/6000 rate=255.6 terminal=0 failed=0
SAMPLE t=34.1 done=768/6000 rate=0.0 terminal=0 failed=0
SAMPLE t=36.1 done=768/6000 rate=0.0 terminal=0 failed=0
SAMPLE t=38.1 done=768/6000 rate=0.0 terminal=0 failed=0
SAMPLE t=40.1 done=768/6000 rate=0.0 terminal=0 failed=0
SAMPLE t=42.1 done=768/6000 rate=0.0 terminal=0 failed=0
SAMPLE t=44.1 done=768/6000 rate=0.0 terminal=0 failed=0
SAMPLE t=46.1 done=1279/6000 rate=255.1 terminal=0 failed=0
SAMPLE t=48.1 done=1279/6000 rate=0.0 terminal=0 failed=0
SAMPLE t=50.1 done=1279/6000 rate=0.0 terminal=0 failed=0
SAMPLE t=52.1 done=1279/6000 rate=0.0 terminal=0 failed=0
SAMPLE t=54.1 done=1279/6000 rate=0.0 terminal=0 failed=0
SAMPLE t=56.1 done=1279/6000 rate=0.0 terminal=0 failed=0
SAMPLE t=58.1 done=1279/6000 rate=0.0 terminal=0 failed=0
SAMPLE t=60.1 done=1279/6000 rate=0.0 terminal=0 failed=0
SAMPLE t=62.1 done=1770/6000 rate=245.1 terminal=0 failed=0
SAMPLE t=64.1 done=1770/6000 rate=0.0 terminal=0 failed=0
SAMPLE t=66.1 done=1770/6000 rate=0.0 terminal=0 failed=0
SAMPLE t=68.1 done=1770/6000 rate=0.0 terminal=0 failed=0
SAMPLE t=70.1 done=1770/6000 rate=0.0 terminal=0 failed=0
SAMPLE t=72.1 done=1770/6000 rate=0.0 terminal=0 failed=0
SAMPLE t=74.1 done=1770/6000 rate=0.0 terminal=0 failed=0
SAMPLE t=76.1 done=2022/6000 rate=125.8 terminal=0 failed=0
SAMPLE t=78.1 done=2022/6000 rate=0.0 terminal=0 failed=0
SAMPLE t=80.1 done=2022/6000 rate=0.0 terminal=0 failed=0
SAMPLE t=82.1 done=2022/6000 rate=0.0 terminal=0 failed=0
SAMPLE t=84.1 done=2022/6000 rate=0.0 terminal=0 failed=0
SAMPLE t=86.1 done=2022/6000 rate=0.0 terminal=0 failed=0
SAMPLE t=88.1 done=2022/6000 rate=0.0 terminal=0 failed=0
SAMPLE t=90.1 done=2282/6000 rate=129.8 terminal=0 failed=0
SAMPLE t=92.2 done=2282/6000 rate=0.0 terminal=0 failed=0
SAMPLE t=94.2 done=2282/6000 rate=0.0 terminal=0 failed=0
SAMPLE t=96.2 done=2282/6000 rate=0.0 terminal=0 failed=0
SAMPLE t=98.2 done=2282/6000 rate=0.0 terminal=0 failed=0
SAMPLE t=100.2 done=2282/6000 rate=0.0 terminal=0 failed=0
SAMPLE t=102.2 done=2282/6000 rate=0.0 terminal=0 failed=0
SAMPLE t=104.2 done=2282/6000 rate=0.0 terminal=0 failed=0
SAMPLE t=106.2 done=2537/6000 rate=127.3 terminal=0 failed=0
SAMPLE t=108.2 done=2537/6000 rate=0.0 terminal=0 failed=0
SAMPLE t=110.2 done=2537/6000 rate=0.0 terminal=0 failed=0
SAMPLE t=112.2 done=2537/6000 rate=0.0 terminal=0 failed=0
SAMPLE t=114.2 done=2537/6000 rate=0.0 terminal=0 failed=0
SAMPLE t=116.2 done=2537/6000 rate=0.0 terminal=0 failed=0
SAMPLE t=118.2 done=2537/6000 rate=0.0 terminal=0 failed=0
SAMPLE t=120.2 done=2812/6000 rate=137.3 terminal=0 failed=0
SAMPLE t=122.2 done=2812/6000 rate=0.0 terminal=0 failed=0
SAMPLE t=124.2 done=2812/6000 rate=0.0 terminal=0 failed=0
SAMPLE t=126.2 done=2812/6000 rate=0.0 terminal=0 failed=0
SAMPLE t=128.2 done=2812/6000 rate=0.0 terminal=0 failed=0
SAMPLE t=130.2 done=2812/6000 rate=0.0 terminal=0 failed=0
SAMPLE t=132.2 done=2812/6000 rate=0.0 terminal=0 failed=0
SAMPLE t=134.2 done=2812/6000 rate=0.0 terminal=0 failed=0
SAMPLE t=136.2 done=3046/6000 rate=116.8 terminal=0 failed=0
SAMPLE t=138.2 done=3046/6000 rate=0.0 terminal=0 failed=0
SAMPLE t=140.2 done=3046/6000 rate=0.0 terminal=0 failed=0
SAMPLE t=142.2 done=3046/6000 rate=0.0 terminal=0 failed=0
SAMPLE t=144.2 done=3046/6000 rate=0.0 terminal=0 failed=0
SAMPLE t=146.2 done=3046/6000 rate=0.0 terminal=0 failed=0
SAMPLE t=148.2 done=3046/6000 rate=0.0 terminal=0 failed=0
SAMPLE t=150.2 done=3279/6000 rate=116.3 terminal=0 failed=0
SAMPLE t=152.2 done=3279/6000 rate=0.0 terminal=0 failed=0
SAMPLE t=154.3 done=3279/6000 rate=0.0 terminal=0 failed=0
SAMPLE t=156.3 done=3279/6000 rate=0.0 terminal=0 failed=0
SAMPLE t=158.3 done=3279/6000 rate=0.0 terminal=0 failed=0
SAMPLE t=160.3 done=3279/6000 rate=0.0 terminal=0 failed=0
SAMPLE t=162.3 done=3279/6000 rate=0.0 terminal=0 failed=0
SAMPLE t=164.3 done=3279/6000 rate=0.0 terminal=0 failed=0
SAMPLE t=166.3 done=3435/6000 rate=77.9 terminal=0 failed=0
SAMPLE t=168.3 done=3435/6000 rate=0.0 terminal=0 failed=0
SAMPLE t=170.3 done=3435/6000 rate=0.0 terminal=0 failed=0
SAMPLE t=172.3 done=3435/6000 rate=0.0 terminal=0 failed=0
SAMPLE t=174.3 done=3435/6000 rate=0.0 terminal=0 failed=0
SAMPLE t=176.3 done=3435/6000 rate=0.0 terminal=0 failed=0
SAMPLE t=178.3 done=3435/6000 rate=0.0 terminal=0 failed=0
SAMPLE t=180.3 done=3691/6000 rate=127.8 terminal=0 failed=0
SAMPLE t=182.3 done=3691/6000 rate=0.0 terminal=0 failed=0
SAMPLE t=184.3 done=3691/6000 rate=0.0 terminal=0 failed=0
SAMPLE t=186.3 done=3691/6000 rate=0.0 terminal=0 failed=0
SAMPLE t=188.3 done=3691/6000 rate=0.0 terminal=0 failed=0
SAMPLE t=190.3 done=3691/6000 rate=0.0 terminal=0 failed=0
SAMPLE t=192.3 done=3691/6000 rate=0.0 terminal=0 failed=0
SAMPLE t=194.3 done=3691/6000 rate=0.0 terminal=0 failed=0
SAMPLE t=196.3 done=3927/6000 rate=117.8 terminal=0 failed=0
SAMPLE t=198.3 done=3927/6000 rate=0.0 terminal=0 failed=0
SAMPLE t=200.3 done=3927/6000 rate=0.0 terminal=0 failed=0
SAMPLE t=202.3 done=3927/6000 rate=0.0 terminal=0 failed=0
SAMPLE t=204.3 done=3927/6000 rate=0.0 terminal=0 failed=0
SAMPLE t=206.3 done=3927/6000 rate=0.0 terminal=0 failed=0
SAMPLE t=208.3 done=3927/6000 rate=0.0 terminal=0 failed=0
SAMPLE t=210.3 done=4161/6000 rate=116.8 terminal=0 failed=0
SAMPLE t=212.3 done=4161/6000 rate=0.0 terminal=0 failed=0
SAMPLE t=214.3 done=4161/6000 rate=0.0 terminal=0 failed=0
SAMPLE t=216.3 done=4161/6000 rate=0.0 terminal=0 failed=0
SAMPLE t=218.4 done=4161/6000 rate=0.0 terminal=0 failed=0
SAMPLE t=220.4 done=4161/6000 rate=0.0 terminal=0 failed=0
SAMPLE t=222.4 done=4161/6000 rate=0.0 terminal=0 failed=0
SAMPLE t=224.4 done=4161/6000 rate=0.0 terminal=0 failed=0
SAMPLE t=226.4 done=4426/6000 rate=132.3 terminal=0 failed=0
SAMPLE t=228.4 done=4426/6000 rate=0.0 terminal=0 failed=0
SAMPLE t=230.4 done=4426/6000 rate=0.0 terminal=0 failed=0
SAMPLE t=232.4 done=4426/6000 rate=0.0 terminal=0 failed=0
SAMPLE t=234.4 done=4426/6000 rate=0.0 terminal=0 failed=0
SAMPLE t=236.4 done=4426/6000 rate=0.0 terminal=0 failed=0
