1790261089 | xmin | 0 | 0 | 
1790261089 | async_requests | 0 | 0 | 2026-09-24 14:44:13.171178+00
1790261089 | async_results | 0 | 0 | 2026-09-24 14:44:13.225254+00
1790261091 | xmin | 0 | 0 | 
1790261091 | async_requests | 0 | 0 | 2026-09-24 14:44:13.171178+00
1790261091 | async_results | 0 | 0 | 2026-09-24 14:44:13.225254+00
1790261094 | xmin | 0 | 0 | 
1790261094 | async_requests | 0 | 0 | 2026-09-24 14:44:13.171178+00
1790261094 | async_results | 0 | 0 | 2026-09-24 14:44:13.225254+00
1790261096 | xmin | 0 | 0 | 
1790261096 | async_requests | 0 | 0 | 2026-09-24 14:44:13.171178+00
1790261096 | async_results | 0 | 0 | 2026-09-24 14:44:13.225254+00
1790261099 | xmin | 0 | 0 | 
1790261099 | async_requests | 0 | 0 | 2026-09-24 14:44:13.171178+00
1790261099 | async_results | 0 | 0 | 2026-09-24 14:44:13.225254+00
1790261101 | xmin | 0 | 0 | 
1790261101 | async_requests | 0 | 0 | 2026-09-24 14:44:13.171178+00
1790261101 | async_results | 0 | 0 | 2026-09-24 14:44:13.225254+00
1790261104 | xmin | 0 | 0 | 
1790261104 | async_requests | 0 | 0 | 2026-09-24 14:44:13.171178+00
1790261104 | async_results | 0 | 0 | 2026-09-24 14:44:13.225254+00
1790261106 | xmin | 0 | 0 | 
1790261106 | async_requests | 0 | 0 | 2026-09-24 14:44:13.171178+00
1790261106 | async_results | 0 | 0 | 2026-09-24 14:44:13.225254+00
1790261109 | xmin | 0 | 0 | 
1790261109 | async_requests | 0 | 0 | 2026-09-24 14:44:13.171178+00
1790261109 | async_results | 0 | 0 | 2026-09-24 14:44:13.225254+00
1790261111 | xmin | 0 | 0 | 
1790261111 | async_requests | 0 | 0 | 2026-09-24 14:44:13.171178+00
1790261111 | async_results | 0 | 0 | 2026-09-24 14:44:13.225254+00
1790261114 | xmin | 0 | 0 | 
1790261114 | async_requests | 0 | 0 | 2026-09-24 14:44:13.171178+00
1790261114 | async_results | 0 | 0 | 2026-09-24 14:44:13.225254+00
1790261116 | xmin | 0 | 0 | 
1790261116 | async_requests | 0 | 0 | 2026-09-24 14:44:13.171178+00
1790261116 | async_results | 0 | 0 | 2026-09-24 14:44:13.225254+00
1790261119 | xmin | 0 | 0 | 
1790261119 | async_requests | 0 | 0 | 2026-09-24 14:44:13.171178+00
1790261119 | async_results | 0 | 0 | 2026-09-24 14:44:13.225254+00
1790261121 | xmin | 0 | 0 | 
1790261121 | async_requests | 0 | 0 | 2026-09-24 14:44:13.171178+00
1790261121 | async_results | 0 | 0 | 2026-09-24 14:44:13.225254+00
1790261124 | xmin | 0 | 0 | 
1790261124 | async_requests | 0 | 0 | 2026-09-24 14:44:13.171178+00
1790261124 | async_results | 0 | 0 | 2026-09-24 14:44:13.225254+00
1790261126 | xmin | 0 | 0 | 
1790261126 | async_requests | 0 | 0 | 2026-09-24 14:44:13.171178+00
1790261126 | async_results | 0 | 0 | 2026-09-24 14:44:13.225254+00
1790261129 | xmin | 0 | 0 | 
1790261129 | async_requests | 0 | 0 | 2026-09-24 14:44:13.171178+00
1790261129 | async_results | 0 | 0 | 2026-09-24 14:44:13.225254+00
1790261131 | xmin | 0 | 0 | 
1790261131 | async_requests | 0 | 0 | 2026-09-24 14:44:13.171178+00
1790261131 | async_results | 0 | 0 | 2026-09-24 14:44:13.225254+00
1790261134 | xmin | 0 | 0 | 
1790261134 | async_requests | 0 | 0 | 2026-09-24 14:44:13.171178+00
1790261134 | async_results | 0 | 0 | 2026-09-24 14:44:13.225254+00
1790261136 | xmin | 0 | 0 | 
1790261136 | async_requests | 0 | 0 | 2026-09-24 14:44:13.171178+00
1790261136 | async_results | 0 | 0 | 2026-09-24 14:44:13.225254+00
1790261139 | xmin | 0 | 0 | 
1790261139 | async_requests | 0 | 0 | 2026-09-24 14:44:13.171178+00
1790261139 | async_results | 0 | 0 | 2026-09-24 14:44:13.225254+00
1790261141 | xmin | 0 | 0 | 
1790261141 | async_requests | 0 | 0 | 2026-09-24 14:44:13.171178+00
1790261141 | async_results | 0 | 0 | 2026-09-24 14:44:13.225254+00
1790261143 | xmin | 0 | 0 | 
1790261143 | async_requests | 0 | 0 | 2026-09-24 14:44:13.171178+00
1790261143 | async_results | 0 | 0 | 2026-09-24 14:44:13.225254+00
1790261146 | xmin | 0 | 0 | 
1790261146 | async_requests | 0 | 0 | 2026-09-24 14:44:13.171178+00
1790261146 | async_results | 0 | 0 | 2026-09-24 14:44:13.225254+00
1790261148 | xmin | 0 | 0 | 
1790261148 | async_requests | 0 | 0 | 2026-09-24 14:44:13.171178+00
1790261148 | async_results | 0 | 0 | 2026-09-24 14:44:13.225254+00
1790261151 | xmin | 0 | 0 | 
1790261151 | async_requests | 0 | 0 | 2026-09-24 14:44:13.171178+00
1790261151 | async_results | 0 | 0 | 2026-09-24 14:44:13.225254+00
1790261153 | xmin | 0 | 0 | 
1790261153 | async_requests | 0 | 0 | 2026-09-24 14:44:13.171178+00
1790261153 | async_results | 0 | 0 | 2026-09-24 14:44:13.225254+00
1790261156 | xmin | 0 | 0 | 
1790261156 | async_requests | 0 | 0 | 2026-09-24 14:44:13.171178+00
1790261156 | async_results | 0 | 0 | 2026-09-24 14:44:13.225254+00
1790261158 | xmin | 0 | 0 | 
1790261158 | async_requests | 0 | 0 | 2026-09-24 14:44:13.171178+00
1790261158 | async_results | 0 | 0 | 2026-09-24 14:44:13.225254+00
1790261161 | xmin | 0 | 0 | 
1790261161 | async_requests | 0 | 0 | 2026-09-24 14:44:13.171178+00
1790261161 | async_results | 0 | 0 | 2026-09-24 14:44:13.225254+00
1790261163 | xmin | 0 | 0 | 
1790261163 | async_requests | 0 | 0 | 2026-09-24 14:44:13.171178+00
1790261163 | async_results | 0 | 0 | 2026-09-24 14:44:13.225254+00
1790261165 | xmin | 0 | 0 | 
1790261165 | async_requests | 0 | 0 | 2026-09-24 14:44:13.171178+00
1790261165 | async_results | 0 | 0 | 2026-09-24 14:44:13.225254+00
1790261168 | xmin | 0 | 0 | 
1790261168 | async_requests | 0 | 0 | 2026-09-24 14:44:13.171178+00
1790261168 | async_results | 0 | 0 | 2026-09-24 14:44:13.225254+00
1790261170 | xmin | 0 | 0 | 
1790261170 | async_requests | 0 | 0 | 2026-09-24 14:44:13.171178+00
1790261170 | async_results | 0 | 0 | 2026-09-24 14:44:13.225254+00
1790261173 | xmin | 0 | 0 | 
1790261173 | async_requests | 0 | 0 | 2026-09-24 14:44:13.171178+00
1790261173 | async_results | 0 | 0 | 2026-09-24 14:44:13.225254+00
