1790261632 | xmin | 0 | 0 | 
1790261632 | async_requests | 0 | 0 | 2026-09-24 14:53:13.34977+00
1790261632 | async_results | 0 | 0 | 2026-09-24 14:53:13.426544+00
1790261635 | xmin | 0 | 0 | 
1790261635 | async_requests | 0 | 0 | 2026-09-24 14:53:13.34977+00
1790261635 | async_results | 0 | 0 | 2026-09-24 14:53:13.426544+00
1790261637 | xmin | 0 | 0 | 
1790261637 | async_requests | 0 | 0 | 2026-09-24 14:53:13.34977+00
1790261637 | async_results | 0 | 0 | 2026-09-24 14:53:13.426544+00
1790261640 | xmin | 0 | 0 | 
1790261640 | async_requests | 0 | 0 | 2026-09-24 14:53:13.34977+00
1790261640 | async_results | 0 | 0 | 2026-09-24 14:53:13.426544+00
1790261642 | xmin | 0 | 0 | 
1790261642 | async_requests | 0 | 0 | 2026-09-24 14:53:13.34977+00
1790261642 | async_results | 0 | 0 | 2026-09-24 14:53:13.426544+00
1790261645 | xmin | 0 | 0 | 
1790261645 | async_requests | 0 | 0 | 2026-09-24 14:53:13.34977+00
1790261645 | async_results | 0 | 0 | 2026-09-24 14:53:13.426544+00
1790261647 | xmin | 0 | 0 | 
1790261647 | async_requests | 0 | 0 | 2026-09-24 14:53:13.34977+00
1790261647 | async_results | 0 | 0 | 2026-09-24 14:53:13.426544+00
1790261650 | xmin | 0 | 0 | 
1790261650 | async_requests | 0 | 0 | 2026-09-24 14:53:13.34977+00
1790261650 | async_results | 0 | 0 | 2026-09-24 14:53:13.426544+00
1790261652 | xmin | 0 | 0 | 
1790261652 | async_requests | 0 | 0 | 2026-09-24 14:53:13.34977+00
1790261652 | async_results | 0 | 0 | 2026-09-24 14:53:13.426544+00
1790261655 | xmin | 0 | 0 | 
1790261655 | async_requests | 0 | 0 | 2026-09-24 14:53:13.34977+00
1790261655 | async_results | 0 | 0 | 2026-09-24 14:53:13.426544+00
1790261657 | xmin | 0 | 0 | 
1790261657 | async_requests | 0 | 0 | 2026-09-24 14:53:13.34977+00
1790261657 | async_results | 0 | 0 | 2026-09-24 14:53:13.426544+00
1790261660 | xmin | 0 | 0 | 
1790261660 | async_requests | 0 | 0 | 2026-09-24 14:53:13.34977+00
1790261660 | async_results | 0 | 0 | 2026-09-24 14:53:13.426544+00
1790261662 | xmin | 0 | 0 | 
1790261662 | async_requests | 0 | 0 | 2026-09-24 14:53:13.34977+00
1790261662 | async_results | 0 | 0 | 2026-09-24 14:53:13.426544+00
1790261665 | xmin | 0 | 0 | 
1790261665 | async_requests | 0 | 0 | 2026-09-24 14:53:13.34977+00
1790261665 | async_results | 0 | 0 | 2026-09-24 14:53:13.426544+00
1790261667 | xmin | 0 | 0 | 
1790261667 | async_requests | 0 | 0 | 2026-09-24 14:53:13.34977+00
1790261667 | async_results | 0 | 0 | 2026-09-24 14:53:13.426544+00
1790261670 | xmin | 0 | 0 | 
1790261670 | async_requests | 0 | 0 | 2026-09-24 14:53:13.34977+00
1790261670 | async_results | 0 | 0 | 2026-09-24 14:53:13.426544+00
1790261672 | xmin | 0 | 0 | 
1790261672 | async_requests | 0 | 0 | 2026-09-24 14:53:13.34977+00
1790261672 | async_results | 0 | 0 | 2026-09-24 14:53:13.426544+00
1790261675 | xmin | 0 | 0 | 
1790261675 | async_requests | 0 | 0 | 2026-09-24 14:53:13.34977+00
1790261675 | async_results | 0 | 0 | 2026-09-24 14:53:13.426544+00
1790261677 | xmin | 0 | 0 | 
1790261677 | async_requests | 0 | 0 | 2026-09-24 14:53:13.34977+00
1790261677 | async_results | 0 | 0 | 2026-09-24 14:53:13.426544+00
1790261680 | xmin | 0 | 0 | 
1790261680 | async_requests | 0 | 0 | 2026-09-24 14:53:13.34977+00
1790261680 | async_results | 0 | 0 | 2026-09-24 14:53:13.426544+00
1790261682 | xmin | 0 | 0 | 
1790261682 | async_requests | 0 | 0 | 2026-09-24 14:53:13.34977+00
1790261682 | async_results | 0 | 0 | 2026-09-24 14:53:13.426544+00
1790261685 | xmin | 0 | 0 | 
1790261685 | async_requests | 0 | 0 | 2026-09-24 14:53:13.34977+00
1790261685 | async_results | 0 | 0 | 2026-09-24 14:53:13.426544+00
1790261687 | xmin | 0 | 0 | 
1790261687 | async_requests | 0 | 0 | 2026-09-24 14:53:13.34977+00
1790261687 | async_results | 0 | 0 | 2026-09-24 14:53:13.426544+00
1790261690 | xmin | 0 | 0 | 
1790261690 | async_requests | 0 | 0 | 2026-09-24 14:53:13.34977+00
1790261690 | async_results | 0 | 0 | 2026-09-24 14:53:13.426544+00
1790261692 | xmin | 0 | 0 | 
1790261692 | async_requests | 0 | 0 | 2026-09-24 14:53:13.34977+00
1790261692 | async_results | 0 | 0 | 2026-09-24 14:53:13.426544+00
1790261695 | xmin | 0 | 0 | 
1790261695 | async_requests | 0 | 0 | 2026-09-24 14:53:13.34977+00
1790261695 | async_results | 0 | 0 | 2026-09-24 14:53:13.426544+00
1790261697 | xmin | 0 | 0 | 
1790261697 | async_requests | 0 | 0 | 2026-09-24 14:53:13.34977+00
1790261697 | async_results | 0 | 0 | 2026-09-24 14:53:13.426544+00
1790261700 | xmin | 0 | 0 | 
1790261700 | async_requests | 0 | 0 | 2026-09-24 14:53:13.34977+00
1790261700 | async_results | 0 | 0 | 2026-09-24 14:53:13.426544+00
1790261702 | xmin | 0 | 0 | 
1790261702 | async_requests | 0 | 0 | 2026-09-24 14:53:13.34977+00
1790261702 | async_results | 0 | 0 | 2026-09-24 14:53:13.426544+00
1790261705 | xmin | 0 | 0 | 
1790261705 | async_requests | 0 | 0 | 2026-09-24 14:53:13.34977+00
1790261705 | async_results | 0 | 0 | 2026-09-24 14:53:13.426544+00
1790261707 | xmin | 0 | 0 | 
1790261707 | async_requests | 0 | 0 | 2026-09-24 14:53:13.34977+00
1790261707 | async_results | 0 | 0 | 2026-09-24 14:53:13.426544+00
1790261710 | xmin | 0 | 0 | 
1790261710 | async_requests | 0 | 0 | 2026-09-24 14:53:13.34977+00
1790261710 | async_results | 0 | 0 | 2026-09-24 14:53:13.426544+00
1790261712 | xmin | 0 | 0 | 
1790261712 | async_requests | 0 | 0 | 2026-09-24 14:53:13.34977+00
1790261712 | async_results | 0 | 0 | 2026-09-24 14:53:13.426544+00
1790261714 | xmin | 0 | 0 | 
1790261714 | async_requests | 0 | 0 | 2026-09-24 14:53:13.34977+00
1790261714 | async_results | 0 | 0 | 2026-09-24 14:53:13.426544+00
1790261717 | xmin | 0 | 0 | 
1790261717 | async_requests | 0 | 0 | 2026-09-24 14:53:13.34977+00
1790261717 | async_results | 0 | 0 | 2026-09-24 14:53:13.426544+00
