1790264123 | xmin | 0 | 0 | 
1790264123 | async_requests | 0 | 6270 | 2026-09-24 15:31:14.21658+00
1790264123 | async_results | 1038 | 2000 | 2026-09-24 15:31:14.333049+00
1790264125 | xmin | 0 | 0 | 
1790264125 | async_requests | 0 | 6270 | 2026-09-24 15:31:14.21658+00
1790264125 | async_results | 1038 | 2000 | 2026-09-24 15:31:14.333049+00
1790264128 | xmin | 0 | 0 | 
1790264128 | async_requests | 0 | 6270 | 2026-09-24 15:31:14.21658+00
1790264128 | async_results | 1038 | 2000 | 2026-09-24 15:31:14.333049+00
1790264130 | xmin | 1 | 0 | 
1790264130 | async_requests | 67520 | 47105 | 2026-09-24 15:31:14.21658+00
1790264130 | async_results | 10385 | 11728 | 2026-09-24 15:31:14.333049+00
1790264132 | xmin | 2 | 0 | 
1790264132 | async_requests | 38528 | 105793 | 2026-09-24 15:31:14.21658+00
1790264132 | async_results | 9425 | 41680 | 2026-09-24 15:31:14.333049+00
1790264135 | xmin | 2 | 0 | 
1790264135 | async_requests | 0 | 198657 | 2026-09-24 15:31:14.21658+00
1790264135 | async_results | 17873 | 81808 | 2026-09-24 15:31:14.333049+00
1790264137 | xmin | 1 | 0 | 
1790264137 | async_requests | 70754 | 241343 | 2026-09-24 15:31:14.21658+00
1790264137 | async_results | 12480 | 110704 | 2026-09-24 15:31:14.333049+00
1790264140 | xmin | 2 | 0 | 
1790264140 | async_requests | 28226 | 330815 | 2026-09-24 15:31:14.21658+00
1790264140 | async_results | 34303 | 133297 | 2026-09-24 15:31:14.333049+00
1790264142 | xmin | 0 | 0 | 
1790264142 | async_requests | 0 | 394943 | 2026-09-24 15:31:14.21658+00
1790264142 | async_results | 24959 | 174769 | 2026-09-24 15:31:14.333049+00
1790264145 | xmin | 0 | 0 | 
1790264145 | async_requests | 0 | 396703 | 2026-09-24 15:31:14.21658+00
1790264145 | async_results | 4320 | 196240 | 2026-09-24 15:31:14.333049+00
1790264147 | xmin | 0 | 0 | 
1790264147 | async_requests | 20256 | 396703 | 2026-09-24 15:31:14.21658+00
1790264147 | async_results | 0 | 202000 | 2026-09-24 15:31:14.333049+00
1790264150 | xmin | 0 | 0 | 
1790264150 | async_requests | 20256 | 396703 | 2026-09-24 15:31:14.21658+00
1790264150 | async_results | 0 | 202000 | 2026-09-24 15:31:14.333049+00
1790264152 | xmin | 0 | 0 | 
1790264152 | async_requests | 14785 | 406270 | 2026-09-24 15:31:14.21658+00
1790264152 | async_results | 5471 | 202000 | 2026-09-24 15:31:14.333049+00
1790264155 | xmin | 0 | 0 | 
1790264155 | async_requests | 14785 | 406270 | 2026-09-24 15:31:14.21658+00
1790264155 | async_results | 5471 | 202000 | 2026-09-24 15:31:14.333049+00
