submitting 3 batches x 2000 = 6000 requests
generated 8732670 bytes in 0.4s
submitted batch=batch_db3e4f82-2073-4386-b607-d68668e5a73e idx=0 bytes=2910890
submitted batch=batch_5ab9ffef-9a7b-4758-8aac-101e4f68f8fc idx=1 bytes=2910890
submitted batch=batch_22018eec-f38c-4d17-94a7-d9be730a5590 idx=2 bytes=2910890
all batches submitted in 0.1s ids=3
SAMPLE t=0.0 done=0/6000 rate=0.0 terminal=0 failed=0
SAMPLE t=2.0 done=0/6000 rate=0.0 terminal=0 failed=0
SAMPLE t=4.0 done=0/6000 rate=0.0 terminal=0 failed=0
SAMPLE t=6.0 done=0/6000 rate=0.0 terminal=0 failed=0
SAMPLE t=8.0 done=0/6000 rate=0.0 terminal=0 failed=0
SAMPLE t=10.0 done=0/6000 rate=0.0 terminal=0 failed=0
SAMPLE t=12.0 done=0/6000 rate=0.0 terminal=0 failed=0
SAMPLE t=14.0 done=0/6000 rate=0.0 terminal=0 failed=0
SAMPLE t=16.0 done=256/6000 rate=127.8 terminal=0 failed=0
SAMPLE t=18.0 done=256/6000 rate=0.0 terminal=0 failed=0
SAMPLE t=20.0 done=256/6000 rate=0.0 terminal=0 failed=0
SAMPLE t=22.0 done=256/6000 rate=0.0 terminal=0 failed=0
SAMPLE t=24.0 done=256/6000 rate=0.0 terminal=0 failed=0
SAMPLE t=26.1 done=256/6000 rate=0.0 terminal=0 failed=0
SAMPLE t=28.1 done=256/6000 rate=0.0 terminal=0 failed=0
SAMPLE t=30.1 done=256/6000 rate=0.0 terminal=0 failed=0
SAMPLE t=32.1 done=768/6000 rate=255.6 terminal=0 failed=0
SAMPLE t=34.1 done=768/6000 rate=0.0 terminal=0 failed=0
SAMPLE t=36.1 done=768/6000 rate=0.0 terminal=0 failed=0
SAMPLE t=38.1 done=768/6000 rate=0.0 terminal=0 failed=0
SAMPLE t=40.1 done=768/6000 rate=0.0 terminal=0 failed=0
SAMPLE t=42.1 done=768/6000 rate=0.0 terminal=0 failed=0
SAMPLE t=44.1 done=768/6000 rate=0.0 terminal=0 failed=0
SAMPLE t=46.1 done=1280/6000 rate=255.6 terminal=0 failed=0
SAMPLE t=48.1 done=1280/6000 rate=0.0 terminal=0 failed=0
SAMPLE t=50.1 done=1280/6000 rate=0.0 terminal=0 failed=0
SAMPLE t=52.1 done=1280/6000 rate=0.0 terminal=0 failed=0
SAMPLE t=54.1 done=1280/6000 rate=0.0 terminal=0 failed=0
SAMPLE t=56.1 done=1280/6000 rate=0.0 terminal=0 failed=0
SAMPLE t=58.1 done=1280/6000 rate=0.0 terminal=0 failed=0
SAMPLE t=60.1 done=1280/6000 rate=0.0 terminal=0 failed=0
SAMPLE t=62.1 done=1792/6000 rate=255.6 terminal=0 failed=0
SAMPLE t=64.1 done=1792/6000 rate=0.0 terminal=0 failed=0
SAMPLE t=66.1 done=1792/6000 rate=0.0 terminal=0 failed=0
SAMPLE t=68.1 done=1792/6000 rate=0.0 terminal=0 failed=0
SAMPLE t=70.1 done=1792/6000 rate=0.0 terminal=0 failed=0
SAMPLE t=72.1 done=1792/6000 rate=0.0 terminal=0 failed=0
SAMPLE t=74.1 done=1792/6000 rate=0.0 terminal=0 failed=0
SAMPLE t=76.1 done=2298/6000 rate=252.6 terminal=0 failed=0
SAMPLE t=78.1 done=2298/6000 rate=0.0 terminal=0 failed=0
SAMPLE t=80.1 done=2298/6000 rate=0.0 terminal=0 failed=0
SAMPLE t=82.1 done=2298/6000 rate=0.0 terminal=0 failed=0
SAMPLE t=84.1 done=2298/6000 rate=0.0 terminal=0 failed=0
SAMPLE t=86.1 done=2298/6000 rate=0.0 terminal=0 failed=0
SAMPLE t=88.2 done=2298/6000 rate=0.0 terminal=0 failed=0
SAMPLE t=90.2 done=2298/6000 rate=0.0 terminal=0 failed=0
SAMPLE t=92.2 done=2686/6000 rate=193.7 terminal=0 failed=0
SAMPLE t=94.2 done=2686/6000 rate=0.0 terminal=0 failed=0
SAMPLE t=96.2 done=2686/6000 rate=0.0 terminal=0 failed=0
SAMPLE t=98.2 done=2686/6000 rate=0.0 terminal=0 failed=0
SAMPLE t=100.2 done=2686/6000 rate=0.0 terminal=0 failed=0
SAMPLE t=102.2 done=2686/6000 rate=0.0 terminal=0 failed=0
SAMPLE t=104.2 done=2686/6000 rate=0.0 terminal=0 failed=0
SAMPLE t=106.2 done=3072/6000 rate=192.7 terminal=0 failed=0
SAMPLE t=108.2 done=3072/6000 rate=0.0 terminal=0 failed=0
SAMPLE t=110.2 done=3072/6000 rate=0.0 terminal=0 failed=0
SAMPLE t=112.2 done=3072/6000 rate=0.0 terminal=0 failed=0
SAMPLE t=114.2 done=3072/6000 rate=0.0 terminal=0 failed=0
SAMPLE t=116.2 done=3072/6000 rate=0.0 terminal=0 failed=0
SAMPLE t=118.2 done=3072/6000 rate=0.0 terminal=0 failed=0
SAMPLE t=120.2 done=3072/6000 rate=0.0 terminal=0 failed=0
SAMPLE t=122.2 done=3530/6000 rate=228.6 terminal=0 failed=0
SAMPLE t=124.2 done=3530/6000 rate=0.0 terminal=0 failed=0
SAMPLE t=126.2 done=3530/6000 rate=0.0 terminal=0 failed=0
SAMPLE t=128.2 done=3530/6000 rate=0.0 terminal=0 failed=0
SAMPLE t=130.2 done=3530/6000 rate=0.0 terminal=0 failed=0
SAMPLE t=132.2 done=3530/6000 rate=0.0 terminal=0 failed=0
SAMPLE t=134.2 done=3530/6000 rate=0.0 terminal=0 failed=0
SAMPLE t=136.2 done=3893/6000 rate=181.2 terminal=0 failed=0
SAMPLE t=138.2 done=3893/6000 rate=0.0 terminal=0 failed=0
SAMPLE t=140.2 done=3893/6000 rate=0.0 terminal=0 failed=0
SAMPLE t=142.2 done=3893/6000 rate=0.0 terminal=0 failed=0
SAMPLE t=144.2 done=3893/6000 rate=0.0 terminal=0 failed=0
SAMPLE t=146.2 done=3893/6000 rate=0.0 terminal=0 failed=0
SAMPLE t=148.2 done=3893/6000 rate=0.0 terminal=0 failed=0
SAMPLE t=150.2 done=3893/6000 rate=0.0 terminal=0 failed=0
SAMPLE t=152.3 done=4339/6000 rate=222.7 terminal=0 failed=0
SAMPLE t=154.3 done=4339/6000 rate=0.0 terminal=0 failed=0
SAMPLE t=156.3 done=4339/6000 rate=0.0 terminal=0 failed=0
