1790214583 | xmin | 0 | 0 | 
1790214583 | async_requests | 20386 | 400000 | 2026-09-24 01:03:58.689934+00
1790214583 | async_results | 878 | 200000 | 2026-09-24 01:03:58.892109+00
1790214586 | xmin | 0 | 0 | 
1790214586 | async_requests | 20386 | 400000 | 2026-09-24 01:03:58.689934+00
1790214586 | async_results | 878 | 200000 | 2026-09-24 01:03:58.892109+00
1790214588 | xmin | 0 | 0 | 
1790214588 | async_requests | 20386 | 400000 | 2026-09-24 01:03:58.689934+00
1790214588 | async_results | 878 | 200000 | 2026-09-24 01:03:58.892109+00
1790214591 | xmin | 0 | 0 | 
1790214591 | async_requests | 64749 | 411957 | 2026-09-24 01:03:58.689934+00
1790214591 | async_results | 4899 | 201280 | 2026-09-24 01:03:58.892109+00
1790214593 | xmin | 1 | 0 | 
1790214593 | async_requests | 64365 | 431093 | 2026-09-24 01:03:58.689934+00
1790214593 | async_results | 8995 | 206848 | 2026-09-24 01:03:58.892109+00
1790214596 | xmin | 0 | 0 | 
1790214596 | async_requests | 49965 | 459573 | 2026-09-24 01:03:58.689934+00
1790214596 | async_results | 7971 | 222272 | 2026-09-24 01:03:58.892109+00
1790214598 | xmin | 0 | 0 | 
1790214598 | async_requests | 41069 | 477685 | 2026-09-24 01:03:58.689934+00
1790214598 | async_results | 7075 | 232064 | 2026-09-24 01:03:58.892109+00
1790214601 | xmin | 1 | 0 | 
1790214601 | async_requests | 55015 | 53978 | 2026-09-24 01:49:59.229141+00
1790214601 | async_results | 20909 | 5568 | 2026-09-24 01:49:59.565463+00
1790214603 | xmin | 2 | 0 | 
1790214603 | async_requests | 23292 | 117349 | 2026-09-24 01:49:59.229141+00
1790214603 | async_results | 5291 | 56576 | 2026-09-24 01:49:59.565463+00
1790214606 | xmin | 3 | 0 | 
1790214606 | async_requests | 44302 | 205715 | 2026-09-24 01:49:59.229141+00
1790214606 | async_results | 31808 | 72857 | 2026-09-24 01:49:59.565463+00
1790214608 | xmin | 0 | 0 | 
1790214608 | async_requests | 0 | 305619 | 2026-09-24 01:49:59.229141+00
1790214608 | async_results | 47360 | 108313 | 2026-09-24 01:49:59.565463+00
1790214611 | xmin | 0 | 0 | 
1790214611 | async_requests | 0 | 317349 | 2026-09-24 01:49:59.229141+00
1790214611 | async_results | 8384 | 153483 | 2026-09-24 01:49:59.565463+00
1790214613 | xmin | 0 | 0 | 
1790214613 | async_requests | 12288 | 317349 | 2026-09-24 01:49:59.229141+00
1790214613 | async_results | 8384 | 153483 | 2026-09-24 01:49:59.565463+00
1790214616 | xmin | 0 | 0 | 
1790214616 | async_requests | 35424 | 317349 | 2026-09-24 01:49:59.229141+00
1790214616 | async_results | 320 | 161547 | 2026-09-24 01:49:59.565463+00
