1790211099 | xmin | 0 | 0 | 
1790211099 | async_requests | 0 | 0 | 2026-09-24 00:50:58.179427+00
1790211099 | async_results | 0 | 0 | 2026-09-24 00:50:58.265202+00
1790211101 | xmin | 0 | 0 | 
1790211101 | async_requests | 0 | 0 | 2026-09-24 00:50:58.179427+00
1790211101 | async_results | 0 | 0 | 2026-09-24 00:50:58.265202+00
1790211104 | xmin | 5 | 0 | 
1790211104 | async_requests | 0 | 256 | 2026-09-24 00:50:58.179427+00
1790211104 | async_results | 0 | 0 | 2026-09-24 00:50:58.265202+00
1790211106 | xmin | 9 | 0 | 
1790211106 | async_requests | 41056 | 65280 | 2026-09-24 00:50:58.179427+00
1790211106 | async_results | 19328 | 12672 | 2026-09-24 00:50:58.265202+00
1790211109 | xmin | 7 | 0 | 
1790211109 | async_requests | 0 | 158815 | 2026-09-24 00:50:58.179427+00
1790211109 | async_results | 20078 | 58609 | 2026-09-24 00:50:58.265202+00
1790211111 | xmin | 14 | 0 | 
1790211111 | async_requests | 32325 | 218863 | 2026-09-24 00:50:58.179427+00
1790211111 | async_results | 6902 | 106518 | 2026-09-24 00:50:58.265202+00
1790211114 | xmin | 5 | 0 | 
1790211114 | async_requests | 7998 | 270646 | 2026-09-24 00:50:58.179427+00
1790211114 | async_results | 21337 | 118266 | 2026-09-24 00:50:58.265202+00
1790211116 | xmin | 0 | 0 | 
1790211116 | async_requests | 0 | 304493 | 2026-09-24 00:50:58.179427+00
1790211116 | async_results | 13773 | 142781 | 2026-09-24 00:50:58.265202+00
1790211119 | xmin | 1 | 0 | 
1790211119 | async_requests | 14583 | 14896 | 2026-09-24 00:51:58.123004+00
1790211119 | async_results | 8832 | 3083 | 2026-09-24 00:51:58.290536+00
1790211121 | xmin | 0 | 0 | 
1790211121 | async_requests | 65487 | 39896 | 2026-09-24 00:51:58.123004+00
1790211121 | async_results | 0 | 38993 | 2026-09-24 00:51:58.290536+00
1790211124 | xmin | 0 | 0 | 
1790211124 | async_requests | 65487 | 39896 | 2026-09-24 00:51:58.123004+00
1790211124 | async_results | 0 | 38993 | 2026-09-24 00:51:58.290536+00
1790211126 | xmin | 0 | 0 | 
1790211126 | async_requests | 65487 | 39896 | 2026-09-24 00:51:58.123004+00
1790211126 | async_results | 0 | 38993 | 2026-09-24 00:51:58.290536+00
1790211129 | xmin | 0 | 0 | 
1790211129 | async_requests | 64139 | 42780 | 2026-09-24 00:51:58.123004+00
1790211129 | async_results | 1348 | 38993 | 2026-09-24 00:51:58.290536+00
1790211131 | xmin | 0 | 0 | 
1790211131 | async_requests | 64139 | 42780 | 2026-09-24 00:51:58.123004+00
1790211131 | async_results | 1348 | 38993 | 2026-09-24 00:51:58.290536+00
