1790260944 | xmin | 0 | 0 | 
1790260944 | async_requests | 399 | 7744 | 2026-09-24 14:31:13.043427+00
1790260944 | async_results | 1345 | 2000 | 2026-09-24 14:31:13.148621+00
1790260946 | xmin | 0 | 0 | 
1790260946 | async_requests | 399 | 7744 | 2026-09-24 14:31:13.043427+00
1790260946 | async_results | 1345 | 2000 | 2026-09-24 14:31:13.148621+00
1790260949 | xmin | 0 | 0 | 
1790260949 | async_requests | 399 | 7744 | 2026-09-24 14:31:13.043427+00
1790260949 | async_results | 1345 | 2000 | 2026-09-24 14:31:13.148621+00
1790260951 | xmin | 1 | 0 | 
1790260951 | async_requests | 39650 | 47245 | 2026-09-24 14:31:13.043427+00
1790260951 | async_results | 17550 | 5072 | 2026-09-24 14:31:13.148621+00
1790260954 | xmin | 1 | 0 | 
1790260954 | async_requests | 25954 | 75789 | 2026-09-24 14:31:13.043427+00
1790260954 | async_results | 11790 | 24528 | 2026-09-24 14:31:13.148621+00
1790260956 | xmin | 2 | 0 | 
1790260956 | async_requests | 10850 | 105741 | 2026-09-24 14:31:13.043427+00
1790260956 | async_results | 14094 | 37328 | 2026-09-24 14:31:13.148621+00
1790260959 | xmin | 0 | 0 | 
1790260959 | async_requests | 0 | 127245 | 2026-09-24 14:31:13.043427+00
1790260959 | async_results | 16334 | 47376 | 2026-09-24 14:31:13.148621+00
1790260961 | xmin | 1 | 0 | 
1790260961 | async_requests | 33472 | 145229 | 2026-09-24 14:31:13.043427+00
1790260961 | async_results | 3457 | 68253 | 2026-09-24 14:31:13.148621+00
1790260964 | xmin | 1 | 0 | 
1790260964 | async_requests | 23104 | 164813 | 2026-09-24 14:31:13.043427+00
1790260964 | async_results | 6209 | 75869 | 2026-09-24 14:31:13.148621+00
1790260966 | xmin | 0 | 0 | 
1790260966 | async_requests | 16576 | 177741 | 2026-09-24 14:31:13.043427+00
1790260966 | async_results | 5825 | 82781 | 2026-09-24 14:31:13.148621+00
1790260969 | xmin | 1 | 0 | 
1790260969 | async_requests | 10432 | 194381 | 2026-09-24 14:31:13.043427+00
1790260969 | async_results | 2049 | 92701 | 2026-09-24 14:31:13.148621+00
1790260971 | xmin | 0 | 0 | 
1790260971 | async_requests | 20352 | 209805 | 2026-09-24 14:31:13.043427+00
1790260971 | async_results | 4737 | 99293 | 2026-09-24 14:31:13.148621+00
1790260974 | xmin | 0 | 0 | 
1790260974 | async_requests | 51264 | 220941 | 2026-09-24 14:31:13.043427+00
1790260974 | async_results | 3969 | 105565 | 2026-09-24 14:31:13.148621+00
1790260976 | xmin | 1 | 0 | 
1790260976 | async_requests | 46272 | 237005 | 2026-09-24 14:31:13.043427+00
1790260976 | async_results | 4993 | 112669 | 2026-09-24 14:31:13.148621+00
1790260979 | xmin | 0 | 0 | 
1790260979 | async_requests | 40832 | 247821 | 2026-09-24 14:31:13.043427+00
1790260979 | async_results | 4801 | 118301 | 2026-09-24 14:31:13.148621+00
1790260981 | xmin | 0 | 0 | 
1790260981 | async_requests | 32960 | 263629 | 2026-09-24 14:31:13.043427+00
1790260981 | async_results | 7169 | 123805 | 2026-09-24 14:31:13.148621+00
1790260984 | xmin | 0 | 0 | 
1790260984 | async_requests | 69216 | 273485 | 2026-09-24 14:31:13.043427+00
1790260984 | async_results | 3201 | 132765 | 2026-09-24 14:31:13.148621+00
1790260986 | xmin | 1 | 0 | 
1790260986 | async_requests | 62112 | 287757 | 2026-09-24 14:31:13.043427+00
1790260986 | async_results | 5313 | 137757 | 2026-09-24 14:31:13.148621+00
1790260989 | xmin | 1 | 0 | 
1790260989 | async_requests | 57504 | 297229 | 2026-09-24 14:31:13.043427+00
1790260989 | async_results | 2561 | 145117 | 2026-09-24 14:31:13.148621+00
1790260991 | xmin | 0 | 0 | 
1790260991 | async_requests | 50720 | 310669 | 2026-09-24 14:31:13.043427+00
1790260991 | async_results | 4673 | 149789 | 2026-09-24 14:31:13.148621+00
1790260994 | xmin | 2 | 0 | 
1790260994 | async_requests | 44221 | 1430 | 2026-09-24 14:43:13.111027+00
1790260994 | async_results | 6976 | 0 | 2026-09-24 14:43:13.484919+00
1790260996 | xmin | 0 | 0 | 
1790260996 | async_requests | 3658 | 78601 | 2026-09-24 14:43:13.111027+00
1790260996 | async_results | 27891 | 19648 | 2026-09-24 14:43:13.484919+00
1790260999 | xmin | 0 | 0 | 
1790260999 | async_requests | 0 | 88521 | 2026-09-24 14:43:13.111027+00
1790260999 | async_results | 3712 | 47795 | 2026-09-24 14:43:13.484919+00
1790261001 | xmin | 0 | 0 | 
1790261001 | async_requests | 0 | 88521 | 2026-09-24 14:43:13.111027+00
1790261001 | async_results | 3712 | 47795 | 2026-09-24 14:43:13.484919+00
1790261004 | xmin | 0 | 0 | 
1790261004 | async_requests | 0 | 88521 | 2026-09-24 14:43:13.111027+00
1790261004 | async_results | 3712 | 47795 | 2026-09-24 14:43:13.484919+00
1790261006 | xmin | 0 | 0 | 
1790261006 | async_requests | 0 | 88521 | 2026-09-24 14:43:13.111027+00
1790261006 | async_results | 3712 | 47795 | 2026-09-24 14:43:13.484919+00
1790261009 | xmin | 0 | 0 | 
1790261009 | async_requests | 0 | 88521 | 2026-09-24 14:43:13.111027+00
1790261009 | async_results | 3712 | 47795 | 2026-09-24 14:43:13.484919+00
