1790211816 | xmin | 0 | 0 | 
1790211816 | async_requests | 64802 | 408045 | 2026-09-24 01:02:58.310971+00
1790211816 | async_results | 137 | 234101 | 2026-09-24 01:02:58.415064+00
1790211818 | xmin | 0 | 0 | 
1790211818 | async_requests | 61121 | 414862 | 2026-09-24 01:02:58.310971+00
1790211818 | async_results | 3818 | 234101 | 2026-09-24 01:02:58.415064+00
1790211821 | xmin | 0 | 0 | 
1790211821 | async_requests | 63425 | 414862 | 2026-09-24 01:02:58.310971+00
1790211821 | async_results | 3818 | 234101 | 2026-09-24 01:02:58.415064+00
1790211823 | xmin | 7 | 0 | 
1790211823 | async_requests | 104308 | 486715 | 2026-09-24 01:02:58.310971+00
1790211823 | async_results | 20887 | 252021 | 2026-09-24 01:02:58.415064+00
1790211826 | xmin | 1 | 0 | 
1790211826 | async_requests | 66311 | 582824 | 2026-09-24 01:02:58.310971+00
1790211826 | async_results | 15620 | 305013 | 2026-09-24 01:02:58.415064+00
1790211828 | xmin | 1 | 0 | 
1790211828 | async_requests | 87519 | 658000 | 2026-09-24 01:02:58.310971+00
1790211828 | async_results | 20908 | 338293 | 2026-09-24 01:02:58.415064+00
1790211831 | xmin | 4 | 0 | 
1790211831 | async_requests | 43169 | 752014 | 2026-09-24 01:02:58.310971+00
1790211831 | async_results | 22762 | 383093 | 2026-09-24 01:02:58.415064+00
1790211833 | xmin | 0 | 0 | 
1790211833 | async_requests | 27241 | 805574 | 2026-09-24 01:02:58.310971+00
1790211833 | async_results | 20770 | 412021 | 2026-09-24 01:02:58.415064+00
1790211836 | xmin | 0 | 0 | 
1790211836 | async_requests | 27241 | 805574 | 2026-09-24 01:02:58.310971+00
1790211836 | async_results | 5602 | 427189 | 2026-09-24 01:02:58.415064+00
1790211838 | xmin | 0 | 0 | 
1790211838 | async_requests | 64968 | 808199 | 2026-09-24 01:02:58.310971+00
1790211838 | async_results | 0 | 434101 | 2026-09-24 01:02:58.415064+00
1790211841 | xmin | 0 | 0 | 
1790211841 | async_requests | 0 | 0 | 2026-09-24 01:03:58.689934+00
1790211841 | async_results | 0 | 0 | 2026-09-24 01:03:58.892109+00
1790211843 | xmin | 0 | 0 | 
1790211843 | async_requests | 0 | 6663 | 2026-09-24 01:03:58.689934+00
1790211843 | async_results | 3847 | 0 | 2026-09-24 01:03:58.892109+00
1790211846 | xmin | 0 | 0 | 
1790211846 | async_requests | 0 | 6663 | 2026-09-24 01:03:58.689934+00
1790211846 | async_results | 3847 | 0 | 2026-09-24 01:03:58.892109+00
1790211848 | xmin | 0 | 0 | 
1790211848 | async_requests | 0 | 6663 | 2026-09-24 01:03:58.689934+00
1790211848 | async_results | 3847 | 0 | 2026-09-24 01:03:58.892109+00
