1790214549 | xmin | 0 | 0 | 
1790214549 | async_requests | 0 | 0 | 2026-09-24 01:03:58.689934+00
1790214549 | async_results | 0 | 0 | 2026-09-24 01:03:58.892109+00
1790214551 | xmin | 0 | 0 | 
1790214551 | async_requests | 0 | 0 | 2026-09-24 01:03:58.689934+00
1790214551 | async_results | 0 | 0 | 2026-09-24 01:03:58.892109+00
1790214554 | xmin | 7 | 0 | 
1790214554 | async_requests | 0 | 1170 | 2026-09-24 01:03:58.689934+00
1790214554 | async_results | 658 | 0 | 2026-09-24 01:03:58.892109+00
1790214556 | xmin | 2 | 0 | 
1790214556 | async_requests | 46161 | 71489 | 2026-09-24 01:03:58.689934+00
1790214556 | async_results | 28463 | 7808 | 2026-09-24 01:03:58.892109+00
1790214559 | xmin | 0 | 0 | 
1790214559 | async_requests | 10705 | 146177 | 2026-09-24 01:03:58.689934+00
1790214559 | async_results | 25455 | 47872 | 2026-09-24 01:03:58.892109+00
1790214561 | xmin | 1 | 0 | 
1790214561 | async_requests | 0 | 185665 | 2026-09-24 01:03:58.689934+00
1790214561 | async_results | 7023 | 86080 | 2026-09-24 01:03:58.892109+00
1790214564 | xmin | 0 | 0 | 
1790214564 | async_requests | 52734 | 232130 | 2026-09-24 01:03:58.689934+00
1790214564 | async_results | 13552 | 102816 | 2026-09-24 01:03:58.892109+00
1790214566 | xmin | 0 | 0 | 
1790214566 | async_requests | 36798 | 263170 | 2026-09-24 01:03:58.689934+00
1790214566 | async_results | 11696 | 120608 | 2026-09-24 01:03:58.892109+00
1790214569 | xmin | 0 | 0 | 
1790214569 | async_requests | 14974 | 308802 | 2026-09-24 01:03:58.689934+00
1790214569 | async_results | 15792 | 138336 | 2026-09-24 01:03:58.892109+00
1790214571 | xmin | 1 | 0 | 
1790214571 | async_requests | 0 | 337730 | 2026-09-24 01:03:58.689934+00
1790214571 | async_results | 14960 | 154784 | 2026-09-24 01:03:58.892109+00
1790214574 | xmin | 4 | 0 | 
1790214574 | async_requests | 32896 | 371202 | 2026-09-24 01:03:58.689934+00
1790214574 | async_results | 6190 | 182178 | 2026-09-24 01:03:58.892109+00
1790214576 | xmin | 0 | 0 | 
1790214576 | async_requests | 20800 | 399586 | 2026-09-24 01:03:58.689934+00
1790214576 | async_results | 4910 | 195554 | 2026-09-24 01:03:58.892109+00
1790214579 | xmin | 0 | 0 | 
1790214579 | async_requests | 20800 | 399586 | 2026-09-24 01:03:58.689934+00
1790214579 | async_results | 464 | 200000 | 2026-09-24 01:03:58.892109+00
1790214581 | xmin | 0 | 0 | 
1790214581 | async_requests | 20386 | 400000 | 2026-09-24 01:03:58.689934+00
1790214581 | async_results | 878 | 200000 | 2026-09-24 01:03:58.892109+00
