1790264503 | xmin | 0 | 0 | 
1790264503 | async_requests | 0 | 0 | 2026-09-24 15:41:14.016629+00
1790264503 | async_results | 0 | 0 | 2026-09-24 15:41:14.041454+00
1790264505 | xmin | 0 | 0 | 
1790264505 | async_requests | 0 | 0 | 2026-09-24 15:41:14.016629+00
1790264505 | async_results | 0 | 0 | 2026-09-24 15:41:14.041454+00
1790264508 | xmin | 0 | 0 | 
1790264508 | async_requests | 0 | 0 | 2026-09-24 15:41:14.016629+00
1790264508 | async_results | 0 | 0 | 2026-09-24 15:41:14.041454+00
1790264510 | xmin | 0 | 0 | 
1790264510 | async_requests | 0 | 0 | 2026-09-24 15:41:14.016629+00
1790264510 | async_results | 0 | 0 | 2026-09-24 15:41:14.041454+00
1790264513 | xmin | 0 | 0 | 
1790264513 | async_requests | 0 | 0 | 2026-09-24 15:41:14.016629+00
1790264513 | async_results | 0 | 0 | 2026-09-24 15:41:14.041454+00
1790264515 | xmin | 0 | 0 | 
1790264515 | async_requests | 0 | 0 | 2026-09-24 15:41:14.016629+00
1790264515 | async_results | 0 | 0 | 2026-09-24 15:41:14.041454+00
1790264518 | xmin | 0 | 0 | 
1790264518 | async_requests | 0 | 0 | 2026-09-24 15:41:14.016629+00
1790264518 | async_results | 0 | 0 | 2026-09-24 15:41:14.041454+00
1790264520 | xmin | 0 | 0 | 
1790264520 | async_requests | 0 | 0 | 2026-09-24 15:41:14.016629+00
1790264520 | async_results | 0 | 0 | 2026-09-24 15:41:14.041454+00
1790264523 | xmin | 0 | 0 | 
1790264523 | async_requests | 0 | 0 | 2026-09-24 15:41:14.016629+00
1790264523 | async_results | 0 | 0 | 2026-09-24 15:41:14.041454+00
1790264525 | xmin | 0 | 0 | 
1790264525 | async_requests | 0 | 0 | 2026-09-24 15:41:14.016629+00
1790264525 | async_results | 0 | 0 | 2026-09-24 15:41:14.041454+00
1790264528 | xmin | 0 | 0 | 
1790264528 | async_requests | 0 | 0 | 2026-09-24 15:41:14.016629+00
1790264528 | async_results | 0 | 0 | 2026-09-24 15:41:14.041454+00
1790264530 | xmin | 0 | 0 | 
1790264530 | async_requests | 0 | 0 | 2026-09-24 15:41:14.016629+00
1790264530 | async_results | 0 | 0 | 2026-09-24 15:41:14.041454+00
1790264533 | xmin | 0 | 0 | 
1790264533 | async_requests | 0 | 0 | 2026-09-24 15:41:14.016629+00
1790264533 | async_results | 0 | 0 | 2026-09-24 15:41:14.041454+00
1790264535 | xmin | 0 | 0 | 
1790264535 | async_requests | 0 | 0 | 2026-09-24 15:41:14.016629+00
1790264535 | async_results | 0 | 0 | 2026-09-24 15:41:14.041454+00
1790264538 | xmin | 0 | 0 | 
1790264538 | async_requests | 0 | 0 | 2026-09-24 15:41:14.016629+00
1790264538 | async_results | 0 | 0 | 2026-09-24 15:41:14.041454+00
1790264541 | xmin | 0 | 0 | 
1790264541 | async_requests | 0 | 0 | 2026-09-24 15:41:14.016629+00
1790264541 | async_results | 0 | 0 | 2026-09-24 15:41:14.041454+00
1790264543 | xmin | 0 | 0 | 
1790264543 | async_requests | 0 | 0 | 2026-09-24 15:41:14.016629+00
1790264543 | async_results | 0 | 0 | 2026-09-24 15:41:14.041454+00
1790264545 | xmin | 0 | 0 | 
1790264545 | async_requests | 0 | 0 | 2026-09-24 15:41:14.016629+00
1790264545 | async_results | 0 | 0 | 2026-09-24 15:41:14.041454+00
1790264548 | xmin | 0 | 0 | 
1790264548 | async_requests | 0 | 0 | 2026-09-24 15:41:14.016629+00
1790264548 | async_results | 0 | 0 | 2026-09-24 15:41:14.041454+00
1790264550 | xmin | 0 | 0 | 
1790264550 | async_requests | 0 | 0 | 2026-09-24 15:41:14.016629+00
1790264550 | async_results | 0 | 0 | 2026-09-24 15:41:14.041454+00
1790264553 | xmin | 0 | 0 | 
1790264553 | async_requests | 0 | 0 | 2026-09-24 15:41:14.016629+00
1790264553 | async_results | 0 | 0 | 2026-09-24 15:41:14.041454+00
1790264556 | xmin | 0 | 0 | 
1790264556 | async_requests | 0 | 0 | 2026-09-24 15:41:14.016629+00
1790264556 | async_results | 0 | 0 | 2026-09-24 15:41:14.041454+00
1790264558 | xmin | 0 | 0 | 
1790264558 | async_requests | 0 | 0 | 2026-09-24 15:41:14.016629+00
1790264558 | async_results | 0 | 0 | 2026-09-24 15:41:14.041454+00
1790264560 | xmin | 0 | 0 | 
1790264560 | async_requests | 0 | 0 | 2026-09-24 15:41:14.016629+00
1790264560 | async_results | 0 | 0 | 2026-09-24 15:41:14.041454+00
1790264563 | xmin | 0 | 0 | 
1790264563 | async_requests | 0 | 0 | 2026-09-24 15:41:14.016629+00
1790264563 | async_results | 0 | 0 | 2026-09-24 15:41:14.041454+00
1790264566 | xmin | 0 | 0 | 
1790264566 | async_requests | 0 | 0 | 2026-09-24 15:41:14.016629+00
1790264566 | async_results | 0 | 0 | 2026-09-24 15:41:14.041454+00
1790264568 | xmin | 0 | 0 | 
1790264568 | async_requests | 0 | 0 | 2026-09-24 15:41:14.016629+00
1790264568 | async_results | 0 | 0 | 2026-09-24 15:41:14.041454+00
1790264570 | xmin | 0 | 0 | 
1790264570 | async_requests | 0 | 0 | 2026-09-24 15:41:14.016629+00
1790264570 | async_results | 0 | 0 | 2026-09-24 15:41:14.041454+00
1790264573 | xmin | 0 | 0 | 
1790264573 | async_requests | 0 | 0 | 2026-09-24 15:41:14.016629+00
1790264573 | async_results | 0 | 0 | 2026-09-24 15:41:14.041454+00
1790264576 | xmin | 0 | 0 | 
1790264576 | async_requests | 0 | 0 | 2026-09-24 15:41:14.016629+00
1790264576 | async_results | 0 | 0 | 2026-09-24 15:41:14.041454+00
1790264578 | xmin | 0 | 0 | 
1790264578 | async_requests | 0 | 0 | 2026-09-24 15:41:14.016629+00
1790264578 | async_results | 0 | 0 | 2026-09-24 15:41:14.041454+00
1790264581 | xmin | 0 | 0 | 
1790264581 | async_requests | 0 | 0 | 2026-09-24 15:41:14.016629+00
1790264581 | async_results | 0 | 0 | 2026-09-24 15:41:14.041454+00
1790264583 | xmin | 0 | 0 | 
1790264583 | async_requests | 0 | 0 | 2026-09-24 15:41:14.016629+00
1790264583 | async_results | 0 | 0 | 2026-09-24 15:41:14.041454+00
1790264586 | xmin | 0 | 0 | 
1790264586 | async_requests | 0 | 0 | 2026-09-24 15:41:14.016629+00
1790264586 | async_results | 0 | 0 | 2026-09-24 15:41:14.041454+00
1790264588 | xmin | 0 | 0 | 
1790264588 | async_requests | 0 | 0 | 2026-09-24 15:41:14.016629+00
1790264588 | async_results | 0 | 0 | 2026-09-24 15:41:14.041454+00
