1790264232 | xmin | 0 | 0 | 
1790264232 | async_requests | 0 | 0 | 2026-09-24 15:36:14.215445+00
1790264232 | async_results | 0 | 0 | 2026-09-24 15:36:14.313311+00
1790264234 | xmin | 0 | 0 | 
1790264234 | async_requests | 0 | 0 | 2026-09-24 15:36:14.215445+00
1790264234 | async_results | 0 | 0 | 2026-09-24 15:36:14.313311+00
1790264237 | xmin | 0 | 0 | 
1790264237 | async_requests | 0 | 0 | 2026-09-24 15:36:14.215445+00
1790264237 | async_results | 0 | 0 | 2026-09-24 15:36:14.313311+00
1790264239 | xmin | 0 | 0 | 
1790264239 | async_requests | 0 | 0 | 2026-09-24 15:36:14.215445+00
1790264239 | async_results | 0 | 0 | 2026-09-24 15:36:14.313311+00
1790264242 | xmin | 0 | 0 | 
1790264242 | async_requests | 0 | 0 | 2026-09-24 15:36:14.215445+00
1790264242 | async_results | 0 | 0 | 2026-09-24 15:36:14.313311+00
1790264244 | xmin | 0 | 0 | 
1790264244 | async_requests | 0 | 0 | 2026-09-24 15:36:14.215445+00
1790264244 | async_results | 0 | 0 | 2026-09-24 15:36:14.313311+00
1790264247 | xmin | 0 | 0 | 
1790264247 | async_requests | 0 | 0 | 2026-09-24 15:36:14.215445+00
1790264247 | async_results | 0 | 0 | 2026-09-24 15:36:14.313311+00
1790264249 | xmin | 0 | 0 | 
1790264249 | async_requests | 0 | 0 | 2026-09-24 15:36:14.215445+00
1790264249 | async_results | 0 | 0 | 2026-09-24 15:36:14.313311+00
1790264252 | xmin | 0 | 0 | 
1790264252 | async_requests | 0 | 0 | 2026-09-24 15:36:14.215445+00
1790264252 | async_results | 0 | 0 | 2026-09-24 15:36:14.313311+00
1790264254 | xmin | 0 | 0 | 
1790264254 | async_requests | 0 | 0 | 2026-09-24 15:36:14.215445+00
1790264254 | async_results | 0 | 0 | 2026-09-24 15:36:14.313311+00
1790264257 | xmin | 0 | 0 | 
1790264257 | async_requests | 0 | 0 | 2026-09-24 15:36:14.215445+00
1790264257 | async_results | 0 | 0 | 2026-09-24 15:36:14.313311+00
1790264259 | xmin | 0 | 0 | 
1790264259 | async_requests | 0 | 0 | 2026-09-24 15:36:14.215445+00
1790264259 | async_results | 0 | 0 | 2026-09-24 15:36:14.313311+00
1790264262 | xmin | 0 | 0 | 
1790264262 | async_requests | 0 | 0 | 2026-09-24 15:36:14.215445+00
1790264262 | async_results | 0 | 0 | 2026-09-24 15:36:14.313311+00
1790264264 | xmin | 0 | 0 | 
1790264264 | async_requests | 0 | 0 | 2026-09-24 15:36:14.215445+00
1790264264 | async_results | 0 | 0 | 2026-09-24 15:36:14.313311+00
1790264267 | xmin | 0 | 0 | 
1790264267 | async_requests | 0 | 0 | 2026-09-24 15:36:14.215445+00
1790264267 | async_results | 0 | 0 | 2026-09-24 15:36:14.313311+00
1790264269 | xmin | 0 | 0 | 
1790264269 | async_requests | 0 | 0 | 2026-09-24 15:36:14.215445+00
1790264269 | async_results | 0 | 0 | 2026-09-24 15:36:14.313311+00
1790264272 | xmin | 0 | 0 | 
1790264272 | async_requests | 0 | 0 | 2026-09-24 15:36:14.215445+00
1790264272 | async_results | 0 | 0 | 2026-09-24 15:36:14.313311+00
1790264274 | xmin | 0 | 0 | 
1790264274 | async_requests | 0 | 0 | 2026-09-24 15:36:14.215445+00
1790264274 | async_results | 0 | 0 | 2026-09-24 15:36:14.313311+00
1790264277 | xmin | 0 | 0 | 
1790264277 | async_requests | 0 | 0 | 2026-09-24 15:36:14.215445+00
1790264277 | async_results | 0 | 0 | 2026-09-24 15:36:14.313311+00
1790264279 | xmin | 0 | 0 | 
1790264279 | async_requests | 0 | 0 | 2026-09-24 15:36:14.215445+00
1790264279 | async_results | 0 | 0 | 2026-09-24 15:36:14.313311+00
1790264282 | xmin | 0 | 0 | 
1790264282 | async_requests | 0 | 0 | 2026-09-24 15:36:14.215445+00
1790264282 | async_results | 0 | 0 | 2026-09-24 15:36:14.313311+00
1790264284 | xmin | 0 | 0 | 
1790264284 | async_requests | 0 | 0 | 2026-09-24 15:36:14.215445+00
1790264284 | async_results | 0 | 0 | 2026-09-24 15:36:14.313311+00
1790264287 | xmin | 0 | 0 | 
1790264287 | async_requests | 0 | 0 | 2026-09-24 15:36:14.215445+00
1790264287 | async_results | 0 | 0 | 2026-09-24 15:36:14.313311+00
1790264289 | xmin | 0 | 0 | 
1790264289 | async_requests | 0 | 0 | 2026-09-24 15:36:14.215445+00
1790264289 | async_results | 0 | 0 | 2026-09-24 15:36:14.313311+00
1790264292 | xmin | 0 | 0 | 
1790264292 | async_requests | 0 | 0 | 2026-09-24 15:36:14.215445+00
1790264292 | async_results | 0 | 0 | 2026-09-24 15:36:14.313311+00
1790264294 | xmin | 0 | 0 | 
1790264294 | async_requests | 0 | 0 | 2026-09-24 15:36:14.215445+00
1790264294 | async_results | 0 | 0 | 2026-09-24 15:36:14.313311+00
1790264296 | xmin | 0 | 0 | 
1790264296 | async_requests | 0 | 0 | 2026-09-24 15:36:14.215445+00
1790264296 | async_results | 0 | 0 | 2026-09-24 15:36:14.313311+00
1790264299 | xmin | 0 | 0 | 
1790264299 | async_requests | 0 | 0 | 2026-09-24 15:36:14.215445+00
1790264299 | async_results | 0 | 0 | 2026-09-24 15:36:14.313311+00
1790264301 | xmin | 0 | 0 | 
1790264301 | async_requests | 0 | 0 | 2026-09-24 15:36:14.215445+00
1790264301 | async_results | 0 | 0 | 2026-09-24 15:36:14.313311+00
1790264304 | xmin | 0 | 0 | 
1790264304 | async_requests | 0 | 0 | 2026-09-24 15:36:14.215445+00
1790264304 | async_results | 0 | 0 | 2026-09-24 15:36:14.313311+00
1790264306 | xmin | 0 | 0 | 
1790264306 | async_requests | 0 | 0 | 2026-09-24 15:36:14.215445+00
1790264306 | async_results | 0 | 0 | 2026-09-24 15:36:14.313311+00
1790264309 | xmin | 0 | 0 | 
1790264309 | async_requests | 0 | 0 | 2026-09-24 15:36:14.215445+00
1790264309 | async_results | 0 | 0 | 2026-09-24 15:36:14.313311+00
1790264311 | xmin | 0 | 0 | 
1790264311 | async_requests | 0 | 0 | 2026-09-24 15:36:14.215445+00
1790264311 | async_results | 0 | 0 | 2026-09-24 15:36:14.313311+00
1790264314 | xmin | 0 | 0 | 
1790264314 | async_requests | 0 | 0 | 2026-09-24 15:36:14.215445+00
1790264314 | async_results | 0 | 0 | 2026-09-24 15:36:14.313311+00
1790264316 | xmin | 0 | 0 | 
1790264316 | async_requests | 0 | 0 | 2026-09-24 15:36:14.215445+00
1790264316 | async_results | 0 | 0 | 2026-09-24 15:36:14.313311+00
