1790260230 | xmin | 0 | 0 | 
1790260230 | async_requests | 0 | 4000 | 2026-09-24 10:28:08.300595+00
1790260230 | async_results | 964 | 2000 | 2026-09-24 10:28:08.336404+00
1790260232 | xmin | 0 | 0 | 
1790260232 | async_requests | 0 | 4000 | 2026-09-24 10:28:08.300595+00
1790260232 | async_results | 964 | 2000 | 2026-09-24 10:28:08.336404+00
1790260235 | xmin | 0 | 0 | 
1790260235 | async_requests | 0 | 4000 | 2026-09-24 10:28:08.300595+00
1790260235 | async_results | 964 | 2000 | 2026-09-24 10:28:08.336404+00
1790260237 | xmin | 2 | 0 | 
1790260237 | async_requests | 22811 | 27621 | 2026-09-24 10:28:08.300595+00
1790260237 | async_results | 9417 | 4624 | 2026-09-24 10:28:08.336404+00
1790260240 | xmin | 0 | 0 | 
1790260240 | async_requests | 0 | 107301 | 2026-09-24 10:28:08.300595+00
1790260240 | async_results | 28297 | 24720 | 2026-09-24 10:28:08.336404+00
1790260242 | xmin | 0 | 0 | 
1790260242 | async_requests | 14432 | 161573 | 2026-09-24 10:28:08.300595+00
1790260242 | async_results | 22153 | 61328 | 2026-09-24 10:28:08.336404+00
1790260244 | xmin | 5 | 0 | 
1790260244 | async_requests | 47840 | 205541 | 2026-09-24 10:28:08.300595+00
1790260244 | async_results | 15561 | 87824 | 2026-09-24 10:28:08.336404+00
1790260247 | xmin | 1 | 0 | 
1790260247 | async_requests | 95680 | 262437 | 2026-09-24 10:28:08.300595+00
1790260247 | async_results | 17860 | 114773 | 2026-09-24 10:28:08.336404+00
1790260249 | xmin | 0 | 0 | 
1790260249 | async_requests | 72064 | 311653 | 2026-09-24 10:28:08.300595+00
1790260249 | async_results | 14084 | 142165 | 2026-09-24 10:28:08.336404+00
1790260252 | xmin | 2 | 0 | 
1790260252 | async_requests | 48384 | 360933 | 2026-09-24 10:28:08.300595+00
1790260252 | async_results | 20420 | 159509 | 2026-09-24 10:28:08.336404+00
1790260254 | xmin | 0 | 0 | 
1790260254 | async_requests | 32389 | 391328 | 2026-09-24 10:28:08.300595+00
1790260254 | async_results | 7935 | 187989 | 2026-09-24 10:28:08.336404+00
1790260257 | xmin | 0 | 0 | 
1790260257 | async_requests | 46021 | 391328 | 2026-09-24 10:28:08.300595+00
1790260257 | async_results | 0 | 202000 | 2026-09-24 10:28:08.336404+00
1790260259 | xmin | 0 | 0 | 
1790260259 | async_requests | 44997 | 393120 | 2026-09-24 10:28:08.300595+00
1790260259 | async_results | 1024 | 202000 | 2026-09-24 10:28:08.336404+00
1790260262 | xmin | 0 | 0 | 
1790260262 | async_requests | 44997 | 393120 | 2026-09-24 10:28:08.300595+00
1790260262 | async_results | 1024 | 202000 | 2026-09-24 10:28:08.336404+00
