1790261249 | xmin | 0 | 0 | 
1790261249 | async_requests | 0 | 4000 | 2026-09-24 14:44:13.171178+00
1790261249 | async_results | 769 | 2000 | 2026-09-24 14:44:13.225254+00
1790261251 | xmin | 0 | 0 | 
1790261251 | async_requests | 0 | 4000 | 2026-09-24 14:44:13.171178+00
1790261251 | async_results | 769 | 2000 | 2026-09-24 14:44:13.225254+00
1790261254 | xmin | 3 | 0 | 
1790261254 | async_requests | 0 | 5216 | 2026-09-24 14:44:13.171178+00
1790261254 | async_results | 961 | 2000 | 2026-09-24 14:44:13.225254+00
1790261256 | xmin | 2 | 0 | 
1790261256 | async_requests | 26912 | 43936 | 2026-09-24 14:44:13.171178+00
1790261256 | async_results | 17153 | 4560 | 2026-09-24 14:44:13.225254+00
1790261259 | xmin | 2 | 0 | 
1790261259 | async_requests | 0 | 121952 | 2026-09-24 14:44:13.171178+00
1790261259 | async_results | 26433 | 33872 | 2026-09-24 14:44:13.225254+00
1790261261 | xmin | 1 | 0 | 
1790261261 | async_requests | 12832 | 186784 | 2026-09-24 14:44:13.171178+00
1790261261 | async_results | 22017 | 70608 | 2026-09-24 14:44:13.225254+00
1790261264 | xmin | 3 | 0 | 
1790261264 | async_requests | 78368 | 245792 | 2026-09-24 14:44:13.171178+00
1790261264 | async_results | 10433 | 111504 | 2026-09-24 14:44:13.225254+00
1790261266 | xmin | 1 | 0 | 
1790261266 | async_requests | 66560 | 316768 | 2026-09-24 14:44:13.171178+00
1790261266 | async_results | 1793 | 157584 | 2026-09-24 14:44:13.225254+00
1790261268 | xmin | 1 | 0 | 
1790261268 | async_requests | 38592 | 374432 | 2026-09-24 14:44:13.171178+00
1790261268 | async_results | 0 | 188112 | 2026-09-24 14:44:13.225254+00
1790261271 | xmin | 0 | 0 | 
1790261271 | async_requests | 29952 | 392608 | 2026-09-24 14:44:13.171178+00
1790261271 | async_results | 0 | 199440 | 2026-09-24 14:44:13.225254+00
1790261273 | xmin | 0 | 0 | 
1790261273 | async_requests | 44576 | 392608 | 2026-09-24 14:44:13.171178+00
1790261273 | async_results | 0 | 202000 | 2026-09-24 14:44:13.225254+00
1790261276 | xmin | 0 | 0 | 
1790261276 | async_requests | 41696 | 396000 | 2026-09-24 14:44:13.171178+00
1790261276 | async_results | 2880 | 202000 | 2026-09-24 14:44:13.225254+00
1790261278 | xmin | 0 | 0 | 
1790261278 | async_requests | 37920 | 403104 | 2026-09-24 14:44:13.171178+00
1790261278 | async_results | 6656 | 202000 | 2026-09-24 14:44:13.225254+00
1790261281 | xmin | 0 | 0 | 
1790261281 | async_requests | 37792 | 404000 | 2026-09-24 14:44:13.171178+00
1790261281 | async_results | 6784 | 202000 | 2026-09-24 14:44:13.225254+00
