1790260342 | xmin | 0 | 0 | 
1790260342 | async_requests | 0 | 0 | 2026-09-24 14:31:13.043427+00
1790260342 | async_results | 0 | 0 | 2026-09-24 14:31:13.148621+00
1790260344 | xmin | 0 | 0 | 
1790260344 | async_requests | 0 | 0 | 2026-09-24 14:31:13.043427+00
1790260344 | async_results | 0 | 0 | 2026-09-24 14:31:13.148621+00
1790260347 | xmin | 0 | 0 | 
1790260347 | async_requests | 0 | 0 | 2026-09-24 14:31:13.043427+00
1790260347 | async_results | 0 | 0 | 2026-09-24 14:31:13.148621+00
1790260349 | xmin | 0 | 0 | 
1790260349 | async_requests | 0 | 0 | 2026-09-24 14:31:13.043427+00
1790260349 | async_results | 0 | 0 | 2026-09-24 14:31:13.148621+00
1790260352 | xmin | 0 | 0 | 
1790260352 | async_requests | 0 | 0 | 2026-09-24 14:31:13.043427+00
1790260352 | async_results | 0 | 0 | 2026-09-24 14:31:13.148621+00
1790260354 | xmin | 0 | 0 | 
1790260354 | async_requests | 0 | 0 | 2026-09-24 14:31:13.043427+00
1790260354 | async_results | 0 | 0 | 2026-09-24 14:31:13.148621+00
1790260357 | xmin | 0 | 0 | 
1790260357 | async_requests | 0 | 0 | 2026-09-24 14:31:13.043427+00
1790260357 | async_results | 0 | 0 | 2026-09-24 14:31:13.148621+00
1790260359 | xmin | 0 | 0 | 
1790260359 | async_requests | 0 | 0 | 2026-09-24 14:31:13.043427+00
1790260359 | async_results | 0 | 0 | 2026-09-24 14:31:13.148621+00
1790260362 | xmin | 0 | 0 | 
1790260362 | async_requests | 0 | 0 | 2026-09-24 14:31:13.043427+00
1790260362 | async_results | 0 | 0 | 2026-09-24 14:31:13.148621+00
1790260364 | xmin | 0 | 0 | 
1790260364 | async_requests | 0 | 0 | 2026-09-24 14:31:13.043427+00
1790260364 | async_results | 0 | 0 | 2026-09-24 14:31:13.148621+00
1790260367 | xmin | 0 | 0 | 
1790260367 | async_requests | 0 | 0 | 2026-09-24 14:31:13.043427+00
1790260367 | async_results | 0 | 0 | 2026-09-24 14:31:13.148621+00
1790260369 | xmin | 0 | 0 | 
1790260369 | async_requests | 0 | 0 | 2026-09-24 14:31:13.043427+00
1790260369 | async_results | 0 | 0 | 2026-09-24 14:31:13.148621+00
1790260372 | xmin | 0 | 0 | 
1790260372 | async_requests | 0 | 0 | 2026-09-24 14:31:13.043427+00
1790260372 | async_results | 0 | 0 | 2026-09-24 14:31:13.148621+00
1790260374 | xmin | 0 | 0 | 
1790260374 | async_requests | 0 | 0 | 2026-09-24 14:31:13.043427+00
1790260374 | async_results | 0 | 0 | 2026-09-24 14:31:13.148621+00
1790260377 | xmin | 0 | 0 | 
1790260377 | async_requests | 0 | 0 | 2026-09-24 14:31:13.043427+00
1790260377 | async_results | 0 | 0 | 2026-09-24 14:31:13.148621+00
1790260379 | xmin | 0 | 0 | 
1790260379 | async_requests | 0 | 0 | 2026-09-24 14:31:13.043427+00
1790260379 | async_results | 0 | 0 | 2026-09-24 14:31:13.148621+00
1790260382 | xmin | 0 | 0 | 
1790260382 | async_requests | 0 | 0 | 2026-09-24 14:31:13.043427+00
1790260382 | async_results | 0 | 0 | 2026-09-24 14:31:13.148621+00
1790260384 | xmin | 0 | 0 | 
1790260384 | async_requests | 0 | 0 | 2026-09-24 14:31:13.043427+00
1790260384 | async_results | 0 | 0 | 2026-09-24 14:31:13.148621+00
1790260387 | xmin | 0 | 0 | 
1790260387 | async_requests | 0 | 0 | 2026-09-24 14:31:13.043427+00
1790260387 | async_results | 0 | 0 | 2026-09-24 14:31:13.148621+00
1790260389 | xmin | 0 | 0 | 
1790260389 | async_requests | 0 | 0 | 2026-09-24 14:31:13.043427+00
1790260389 | async_results | 0 | 0 | 2026-09-24 14:31:13.148621+00
1790260392 | xmin | 0 | 0 | 
1790260392 | async_requests | 0 | 0 | 2026-09-24 14:31:13.043427+00
1790260392 | async_results | 0 | 0 | 2026-09-24 14:31:13.148621+00
1790260394 | xmin | 0 | 0 | 
1790260394 | async_requests | 0 | 0 | 2026-09-24 14:31:13.043427+00
1790260394 | async_results | 0 | 0 | 2026-09-24 14:31:13.148621+00
1790260397 | xmin | 0 | 0 | 
1790260397 | async_requests | 0 | 0 | 2026-09-24 14:31:13.043427+00
1790260397 | async_results | 0 | 0 | 2026-09-24 14:31:13.148621+00
1790260399 | xmin | 0 | 0 | 
1790260399 | async_requests | 0 | 0 | 2026-09-24 14:31:13.043427+00
1790260399 | async_results | 0 | 0 | 2026-09-24 14:31:13.148621+00
1790260402 | xmin | 0 | 0 | 
1790260402 | async_requests | 0 | 0 | 2026-09-24 14:31:13.043427+00
1790260402 | async_results | 0 | 0 | 2026-09-24 14:31:13.148621+00
1790260404 | xmin | 0 | 0 | 
1790260404 | async_requests | 0 | 0 | 2026-09-24 14:31:13.043427+00
1790260404 | async_results | 0 | 0 | 2026-09-24 14:31:13.148621+00
1790260407 | xmin | 0 | 0 | 
1790260407 | async_requests | 0 | 0 | 2026-09-24 14:31:13.043427+00
1790260407 | async_results | 0 | 0 | 2026-09-24 14:31:13.148621+00
1790260409 | xmin | 0 | 0 | 
1790260409 | async_requests | 0 | 0 | 2026-09-24 14:31:13.043427+00
1790260409 | async_results | 0 | 0 | 2026-09-24 14:31:13.148621+00
1790260412 | xmin | 0 | 0 | 
1790260412 | async_requests | 0 | 0 | 2026-09-24 14:31:13.043427+00
1790260412 | async_results | 0 | 0 | 2026-09-24 14:31:13.148621+00
1790260414 | xmin | 0 | 0 | 
1790260414 | async_requests | 0 | 0 | 2026-09-24 14:31:13.043427+00
1790260414 | async_results | 0 | 0 | 2026-09-24 14:31:13.148621+00
1790260416 | xmin | 0 | 0 | 
1790260416 | async_requests | 0 | 0 | 2026-09-24 14:31:13.043427+00
1790260416 | async_results | 0 | 0 | 2026-09-24 14:31:13.148621+00
1790260419 | xmin | 0 | 0 | 
1790260419 | async_requests | 0 | 0 | 2026-09-24 14:31:13.043427+00
1790260419 | async_results | 0 | 0 | 2026-09-24 14:31:13.148621+00
1790260421 | xmin | 0 | 0 | 
1790260421 | async_requests | 0 | 0 | 2026-09-24 14:31:13.043427+00
1790260421 | async_results | 0 | 0 | 2026-09-24 14:31:13.148621+00
1790260424 | xmin | 0 | 0 | 
1790260424 | async_requests | 0 | 0 | 2026-09-24 14:31:13.043427+00
1790260424 | async_results | 0 | 0 | 2026-09-24 14:31:13.148621+00
1790260426 | xmin | 0 | 0 | 
1790260426 | async_requests | 0 | 0 | 2026-09-24 14:31:13.043427+00
1790260426 | async_results | 0 | 0 | 2026-09-24 14:31:13.148621+00
1790260429 | xmin | 0 | 0 | 
1790260429 | async_requests | 0 | 0 | 2026-09-24 14:31:13.043427+00
1790260429 | async_results | 0 | 0 | 2026-09-24 14:31:13.148621+00
1790260431 | xmin | 0 | 0 | 
1790260431 | async_requests | 0 | 0 | 2026-09-24 14:31:13.043427+00
1790260431 | async_results | 0 | 0 | 2026-09-24 14:31:13.148621+00
1790260434 | xmin | 0 | 0 | 
1790260434 | async_requests | 0 | 0 | 2026-09-24 14:31:13.043427+00
1790260434 | async_results | 0 | 0 | 2026-09-24 14:31:13.148621+00
1790260436 | xmin | 0 | 0 | 
1790260436 | async_requests | 0 | 0 | 2026-09-24 14:31:13.043427+00
1790260436 | async_results | 0 | 0 | 2026-09-24 14:31:13.148621+00
