1790211792 | xmin | 0 | 0 | 
1790211792 | async_requests | 0 | 14862 | 2026-09-24 01:02:58.310971+00
1790211792 | async_results | 3818 | 34101 | 2026-09-24 01:02:58.415064+00
1790211795 | xmin | 0 | 0 | 
1790211795 | async_requests | 0 | 14862 | 2026-09-24 01:02:58.310971+00
1790211795 | async_results | 3818 | 34101 | 2026-09-24 01:02:58.415064+00
1790211797 | xmin | 0 | 0 | 
1790211797 | async_requests | 0 | 14862 | 2026-09-24 01:02:58.310971+00
1790211797 | async_results | 3818 | 34101 | 2026-09-24 01:02:58.415064+00
1790211800 | xmin | 1 | 0 | 
1790211800 | async_requests | 14912 | 58454 | 2026-09-24 01:02:58.310971+00
1790211800 | async_results | 20659 | 38324 | 2026-09-24 01:02:58.415064+00
1790211802 | xmin | 3 | 0 | 
1790211802 | async_requests | 9728 | 174098 | 2026-09-24 01:02:58.310971+00
1790211802 | async_results | 23121 | 94418 | 2026-09-24 01:02:58.415064+00
1790211805 | xmin | 7 | 0 | 
1790211805 | async_requests | 98494 | 251473 | 2026-09-24 01:02:58.310971+00
1790211805 | async_results | 13484 | 143030 | 2026-09-24 01:02:58.415064+00
1790211807 | xmin | 9 | 0 | 
1790211807 | async_requests | 44244 | 360507 | 2026-09-24 01:02:58.310971+00
1790211807 | async_results | 26903 | 183861 | 2026-09-24 01:02:58.415064+00
1790211810 | xmin | 0 | 0 | 
1790211810 | async_requests | 34904 | 400823 | 2026-09-24 01:02:58.310971+00
1790211810 | async_results | 18579 | 211509 | 2026-09-24 01:02:58.415064+00
1790211812 | xmin | 0 | 0 | 
1790211812 | async_requests | 30754 | 408045 | 2026-09-24 01:02:58.310971+00
1790211812 | async_results | 4745 | 229493 | 2026-09-24 01:02:58.415064+00
1790211814 | xmin | 0 | 0 | 
1790211814 | async_requests | 64802 | 408045 | 2026-09-24 01:02:58.310971+00
1790211814 | async_results | 137 | 234101 | 2026-09-24 01:02:58.415064+00
