1790214617 | xmin | 0 | 0 | 
1790214617 | async_requests | 35424 | 317349 | 2026-09-24 01:49:59.229141+00
1790214617 | async_results | 320 | 161547 | 2026-09-24 01:49:59.565463+00
1790214620 | xmin | 0 | 0 | 
1790214620 | async_requests | 35424 | 317349 | 2026-09-24 01:49:59.229141+00
1790214620 | async_results | 320 | 161547 | 2026-09-24 01:49:59.565463+00
1790214623 | xmin | 6 | 0 | 
1790214623 | async_requests | 36064 | 318501 | 2026-09-24 01:49:59.229141+00
1790214623 | async_results | 704 | 161547 | 2026-09-24 01:49:59.565463+00
1790214625 | xmin | 1 | 0 | 
1790214625 | async_requests | 24583 | 392030 | 2026-09-24 01:49:59.229141+00
1790214625 | async_results | 36089 | 162571 | 2026-09-24 01:49:59.565463+00
1790214628 | xmin | 2 | 0 | 
1790214628 | async_requests | 0 | 499038 | 2026-09-24 01:49:59.229141+00
1790214628 | async_results | 39673 | 212491 | 2026-09-24 01:49:59.565463+00
1790214630 | xmin | 2 | 0 | 
1790214630 | async_requests | 99315 | 555883 | 2026-09-24 01:49:59.229141+00
1790214630 | async_results | 16128 | 265899 | 2026-09-24 01:49:59.565463+00
1790214633 | xmin | 3 | 0 | 
1790214633 | async_requests | 51571 | 650987 | 2026-09-24 01:49:59.229141+00
1790214633 | async_results | 34554 | 295729 | 2026-09-24 01:49:59.565463+00
1790214635 | xmin | 0 | 0 | 
1790214635 | async_requests | 22361 | 705189 | 2026-09-24 01:49:59.229141+00
1790214635 | async_results | 8020 | 351473 | 2026-09-24 01:49:59.565463+00
1790214638 | xmin | 0 | 0 | 
1790214638 | async_requests | 22361 | 705189 | 2026-09-24 01:49:59.229141+00
1790214638 | async_results | 6906 | 352587 | 2026-09-24 01:49:59.565463+00
