1790261360 | xmin | 0 | 0 | 
1790261360 | async_requests | 0 | 0 | 2026-09-24 14:48:13.337891+00
1790261360 | async_results | 0 | 0 | 2026-09-24 14:48:13.444606+00
1790261362 | xmin | 0 | 0 | 
1790261362 | async_requests | 0 | 0 | 2026-09-24 14:48:13.337891+00
1790261362 | async_results | 0 | 0 | 2026-09-24 14:48:13.444606+00
1790261365 | xmin | 0 | 0 | 
1790261365 | async_requests | 0 | 0 | 2026-09-24 14:48:13.337891+00
1790261365 | async_results | 0 | 0 | 2026-09-24 14:48:13.444606+00
1790261367 | xmin | 0 | 0 | 
1790261367 | async_requests | 0 | 0 | 2026-09-24 14:48:13.337891+00
1790261367 | async_results | 0 | 0 | 2026-09-24 14:48:13.444606+00
1790261370 | xmin | 0 | 0 | 
1790261370 | async_requests | 0 | 0 | 2026-09-24 14:48:13.337891+00
1790261370 | async_results | 0 | 0 | 2026-09-24 14:48:13.444606+00
1790261372 | xmin | 0 | 0 | 
1790261372 | async_requests | 0 | 0 | 2026-09-24 14:48:13.337891+00
1790261372 | async_results | 0 | 0 | 2026-09-24 14:48:13.444606+00
1790261375 | xmin | 0 | 0 | 
1790261375 | async_requests | 0 | 0 | 2026-09-24 14:48:13.337891+00
1790261375 | async_results | 0 | 0 | 2026-09-24 14:48:13.444606+00
1790261377 | xmin | 0 | 0 | 
1790261377 | async_requests | 0 | 0 | 2026-09-24 14:48:13.337891+00
1790261377 | async_results | 0 | 0 | 2026-09-24 14:48:13.444606+00
1790261380 | xmin | 0 | 0 | 
1790261380 | async_requests | 0 | 0 | 2026-09-24 14:48:13.337891+00
1790261380 | async_results | 0 | 0 | 2026-09-24 14:48:13.444606+00
1790261382 | xmin | 0 | 0 | 
1790261382 | async_requests | 0 | 0 | 2026-09-24 14:48:13.337891+00
1790261382 | async_results | 0 | 0 | 2026-09-24 14:48:13.444606+00
1790261385 | xmin | 0 | 0 | 
1790261385 | async_requests | 0 | 0 | 2026-09-24 14:48:13.337891+00
1790261385 | async_results | 0 | 0 | 2026-09-24 14:48:13.444606+00
1790261387 | xmin | 0 | 0 | 
1790261387 | async_requests | 0 | 0 | 2026-09-24 14:48:13.337891+00
1790261387 | async_results | 0 | 0 | 2026-09-24 14:48:13.444606+00
1790261389 | xmin | 0 | 0 | 
1790261389 | async_requests | 0 | 0 | 2026-09-24 14:48:13.337891+00
1790261389 | async_results | 0 | 0 | 2026-09-24 14:48:13.444606+00
1790261392 | xmin | 0 | 0 | 
1790261392 | async_requests | 0 | 0 | 2026-09-24 14:48:13.337891+00
1790261392 | async_results | 0 | 0 | 2026-09-24 14:48:13.444606+00
1790261394 | xmin | 0 | 0 | 
1790261394 | async_requests | 0 | 0 | 2026-09-24 14:48:13.337891+00
1790261394 | async_results | 0 | 0 | 2026-09-24 14:48:13.444606+00
1790261397 | xmin | 0 | 0 | 
1790261397 | async_requests | 0 | 0 | 2026-09-24 14:48:13.337891+00
1790261397 | async_results | 0 | 0 | 2026-09-24 14:48:13.444606+00
1790261399 | xmin | 0 | 0 | 
1790261399 | async_requests | 0 | 0 | 2026-09-24 14:48:13.337891+00
1790261399 | async_results | 0 | 0 | 2026-09-24 14:48:13.444606+00
1790261402 | xmin | 0 | 0 | 
1790261402 | async_requests | 0 | 0 | 2026-09-24 14:48:13.337891+00
1790261402 | async_results | 0 | 0 | 2026-09-24 14:48:13.444606+00
1790261404 | xmin | 0 | 0 | 
1790261404 | async_requests | 0 | 0 | 2026-09-24 14:48:13.337891+00
1790261404 | async_results | 0 | 0 | 2026-09-24 14:48:13.444606+00
1790261407 | xmin | 0 | 0 | 
1790261407 | async_requests | 0 | 0 | 2026-09-24 14:48:13.337891+00
1790261407 | async_results | 0 | 0 | 2026-09-24 14:48:13.444606+00
1790261409 | xmin | 0 | 0 | 
1790261409 | async_requests | 0 | 0 | 2026-09-24 14:48:13.337891+00
1790261409 | async_results | 0 | 0 | 2026-09-24 14:48:13.444606+00
1790261412 | xmin | 0 | 0 | 
1790261412 | async_requests | 0 | 0 | 2026-09-24 14:48:13.337891+00
1790261412 | async_results | 0 | 0 | 2026-09-24 14:48:13.444606+00
1790261414 | xmin | 0 | 0 | 
1790261414 | async_requests | 0 | 0 | 2026-09-24 14:48:13.337891+00
1790261414 | async_results | 0 | 0 | 2026-09-24 14:48:13.444606+00
1790261417 | xmin | 0 | 0 | 
1790261417 | async_requests | 0 | 0 | 2026-09-24 14:48:13.337891+00
1790261417 | async_results | 0 | 0 | 2026-09-24 14:48:13.444606+00
1790261419 | xmin | 0 | 0 | 
1790261419 | async_requests | 0 | 0 | 2026-09-24 14:48:13.337891+00
1790261419 | async_results | 0 | 0 | 2026-09-24 14:48:13.444606+00
1790261422 | xmin | 0 | 0 | 
1790261422 | async_requests | 0 | 0 | 2026-09-24 14:48:13.337891+00
1790261422 | async_results | 0 | 0 | 2026-09-24 14:48:13.444606+00
1790261424 | xmin | 0 | 0 | 
1790261424 | async_requests | 0 | 0 | 2026-09-24 14:48:13.337891+00
1790261424 | async_results | 0 | 0 | 2026-09-24 14:48:13.444606+00
1790261427 | xmin | 0 | 0 | 
1790261427 | async_requests | 0 | 0 | 2026-09-24 14:48:13.337891+00
1790261427 | async_results | 0 | 0 | 2026-09-24 14:48:13.444606+00
1790261429 | xmin | 0 | 0 | 
1790261429 | async_requests | 0 | 0 | 2026-09-24 14:48:13.337891+00
1790261429 | async_results | 0 | 0 | 2026-09-24 14:48:13.444606+00
1790261432 | xmin | 0 | 0 | 
1790261432 | async_requests | 0 | 0 | 2026-09-24 14:48:13.337891+00
1790261432 | async_results | 0 | 0 | 2026-09-24 14:48:13.444606+00
1790261434 | xmin | 0 | 0 | 
1790261434 | async_requests | 0 | 0 | 2026-09-24 14:48:13.337891+00
1790261434 | async_results | 0 | 0 | 2026-09-24 14:48:13.444606+00
1790261436 | xmin | 0 | 0 | 
1790261436 | async_requests | 0 | 0 | 2026-09-24 14:48:13.337891+00
1790261436 | async_results | 0 | 0 | 2026-09-24 14:48:13.444606+00
1790261439 | xmin | 0 | 0 | 
1790261439 | async_requests | 0 | 0 | 2026-09-24 14:48:13.337891+00
1790261439 | async_results | 0 | 0 | 2026-09-24 14:48:13.444606+00
1790261441 | xmin | 0 | 0 | 
1790261441 | async_requests | 0 | 0 | 2026-09-24 14:48:13.337891+00
1790261441 | async_results | 0 | 0 | 2026-09-24 14:48:13.444606+00
1790261444 | xmin | 0 | 0 | 
1790261444 | async_requests | 0 | 0 | 2026-09-24 14:48:13.337891+00
1790261444 | async_results | 0 | 0 | 2026-09-24 14:48:13.444606+00
