1790261523 | xmin | 0 | 0 | 
1790261523 | async_requests | 0 | 4000 | 2026-09-24 14:48:13.337891+00
1790261523 | async_results | 1556 | 2000 | 2026-09-24 14:48:13.444606+00
1790261526 | xmin | 0 | 0 | 
1790261526 | async_requests | 0 | 4000 | 2026-09-24 14:48:13.337891+00
1790261526 | async_results | 1556 | 2000 | 2026-09-24 14:48:13.444606+00
1790261528 | xmin | 0 | 0 | 
1790261528 | async_requests | 0 | 4000 | 2026-09-24 14:48:13.337891+00
1790261528 | async_results | 1556 | 2000 | 2026-09-24 14:48:13.444606+00
1790261531 | xmin | 1 | 0 | 
1790261531 | async_requests | 19087 | 34871 | 2026-09-24 14:48:13.337891+00
1790261531 | async_results | 12395 | 4624 | 2026-09-24 14:48:13.444606+00
1790261533 | xmin | 1 | 0 | 
1790261533 | async_requests | 0 | 130871 | 2026-09-24 14:48:13.337891+00
1790261533 | async_results | 42411 | 23760 | 2026-09-24 14:48:13.444606+00
1790261536 | xmin | 3 | 0 | 
1790261536 | async_requests | 6464 | 77438 | 2026-09-24 14:52:13.232435+00
1790261536 | async_results | 13166 | 32168 | 2026-09-24 14:52:13.580119+00
1790261538 | xmin | 3 | 0 | 
1790261538 | async_requests | 18676 | 168938 | 2026-09-24 14:52:13.232435+00
1790261538 | async_results | 25536 | 74239 | 2026-09-24 14:52:13.580119+00
1790261541 | xmin | 0 | 0 | 
1790261541 | async_requests | 0 | 258560 | 2026-09-24 14:52:13.232435+00
1790261541 | async_results | 32768 | 111573 | 2026-09-24 14:52:13.580119+00
1790261543 | xmin | 0 | 0 | 
1790261543 | async_requests | 0 | 276382 | 2026-09-24 14:52:13.232435+00
1790261543 | async_results | 3008 | 150739 | 2026-09-24 14:52:13.580119+00
1790261545 | xmin | 0 | 0 | 
1790261545 | async_requests | 13312 | 276382 | 2026-09-24 14:52:13.232435+00
1790261545 | async_results | 0 | 153896 | 2026-09-24 14:52:13.580119+00
1790261548 | xmin | 0 | 0 | 
1790261548 | async_requests | 72800 | 276382 | 2026-09-24 14:52:13.232435+00
1790261548 | async_results | 0 | 154920 | 2026-09-24 14:52:13.580119+00
1790261550 | xmin | 0 | 0 | 
1790261550 | async_requests | 71776 | 277918 | 2026-09-24 14:52:13.232435+00
1790261550 | async_results | 1024 | 154920 | 2026-09-24 14:52:13.580119+00
1790261553 | xmin | 0 | 0 | 
1790261553 | async_requests | 71776 | 277918 | 2026-09-24 14:52:13.232435+00
1790261553 | async_results | 1024 | 154920 | 2026-09-24 14:52:13.580119+00
1790261555 | xmin | 0 | 0 | 
1790261555 | async_requests | 71776 | 277918 | 2026-09-24 14:52:13.232435+00
1790261555 | async_results | 1024 | 154920 | 2026-09-24 14:52:13.580119+00
