1790211133 | xmin | 0 | 0 | 
1790211133 | async_requests | 64139 | 42780 | 2026-09-24 00:51:58.123004+00
1790211133 | async_results | 1348 | 38993 | 2026-09-24 00:51:58.290536+00
1790211135 | xmin | 0 | 0 | 
1790211135 | async_requests | 64139 | 42780 | 2026-09-24 00:51:58.123004+00
1790211135 | async_results | 1348 | 38993 | 2026-09-24 00:51:58.290536+00
1790211138 | xmin | 0 | 0 | 
1790211138 | async_requests | 64139 | 42780 | 2026-09-24 00:51:58.123004+00
1790211138 | async_results | 1348 | 38993 | 2026-09-24 00:51:58.290536+00
1790211140 | xmin | 0 | 0 | 
1790211140 | async_requests | 97450 | 75293 | 2026-09-24 00:51:58.123004+00
1790211140 | async_results | 12869 | 43601 | 2026-09-24 00:51:58.290536+00
1790211143 | xmin | 2 | 0 | 
1790211143 | async_requests | 73397 | 162354 | 2026-09-24 00:51:58.123004+00
1790211143 | async_results | 26970 | 72785 | 2026-09-24 00:51:58.290536+00
1790211145 | xmin | 1 | 0 | 
1790211145 | async_requests | 67481 | 174670 | 2026-09-24 00:51:58.123004+00
1790211145 | async_results | 7547 | 98124 | 2026-09-24 00:51:58.290536+00
1790211148 | xmin | 1 | 0 | 
1790211148 | async_requests | 59901 | 189418 | 2026-09-24 00:51:58.123004+00
1790211148 | async_results | 10144 | 103107 | 2026-09-24 00:51:58.290536+00
1790211150 | xmin | 4 | 0 | 
1790211150 | async_requests | 98631 | 214560 | 2026-09-24 00:51:58.123004+00
1790211150 | async_results | 4369 | 121480 | 2026-09-24 00:51:58.290536+00
1790211153 | xmin | 0 | 0 | 
1790211153 | async_requests | 90974 | 229897 | 2026-09-24 00:51:58.123004+00
1790211153 | async_results | 4465 | 129041 | 2026-09-24 00:51:58.290536+00
1790211155 | xmin | 1 | 0 | 
1790211155 | async_requests | 97927 | 249824 | 2026-09-24 00:51:58.123004+00
1790211155 | async_results | 4682 | 138577 | 2026-09-24 00:51:58.290536+00
1790211158 | xmin | 1 | 0 | 
1790211158 | async_requests | 114990 | 264089 | 2026-09-24 00:51:58.123004+00
1790211158 | async_results | 2374 | 147982 | 2026-09-24 00:51:58.290536+00
1790211160 | xmin | 1 | 0 | 
1790211160 | async_requests | 106307 | 281220 | 2026-09-24 00:51:58.123004+00
1790211160 | async_results | 3403 | 155636 | 2026-09-24 00:51:58.290536+00
1790211163 | xmin | 0 | 0 | 
1790211163 | async_requests | 97547 | 298940 | 2026-09-24 00:51:58.123004+00
1790211163 | async_results | 3896 | 163903 | 2026-09-24 00:51:58.290536+00
1790211165 | xmin | 1 | 0 | 
1790211165 | async_requests | 126725 | 319458 | 2026-09-24 00:51:58.123004+00
1790211165 | async_results | 1356 | 176465 | 2026-09-24 00:51:58.290536+00
1790211168 | xmin | 1 | 0 | 
1790211168 | async_requests | 111709 | 347786 | 2026-09-24 00:51:58.123004+00
1790211168 | async_results | 10222 | 182615 | 2026-09-24 00:51:58.290536+00
1790211170 | xmin | 1 | 0 | 
1790211170 | async_requests | 76657 | 419446 | 2026-09-24 00:51:58.123004+00
1790211170 | async_results | 0 | 229259 | 2026-09-24 00:51:58.290536+00
1790211173 | xmin | 0 | 0 | 
1790211173 | async_requests | 74013 | 424202 | 2026-09-24 00:51:58.123004+00
1790211173 | async_results | 0 | 238993 | 2026-09-24 00:51:58.290536+00
1790211175 | xmin | 0 | 0 | 
1790211175 | async_requests | 73132 | 425339 | 2026-09-24 00:51:58.123004+00
1790211175 | async_results | 881 | 238993 | 2026-09-24 00:51:58.290536+00
