1790263847 | xmin | 0 | 0 | 
1790263847 | async_requests | 0 | 70888 | 2026-09-24 15:30:13.885924+00
1790263847 | async_results | 2912 | 21208 | 2026-09-24 15:30:14.087704+00
1790263849 | xmin | 0 | 0 | 
1790263849 | async_requests | 0 | 70888 | 2026-09-24 15:30:13.885924+00
1790263849 | async_results | 2912 | 21208 | 2026-09-24 15:30:14.087704+00
1790263852 | xmin | 2 | 0 | 
1790263852 | async_requests | 768 | 70888 | 2026-09-24 15:30:13.885924+00
1790263852 | async_results | 2912 | 21208 | 2026-09-24 15:30:14.087704+00
1790263854 | xmin | 1 | 0 | 
1790263854 | async_requests | 0 | 132962 | 2026-09-24 15:30:13.885924+00
1790263854 | async_results | 32218 | 22232 | 2026-09-24 15:30:14.087704+00
1790263857 | xmin | 1 | 0 | 
1790263857 | async_requests | 0 | 202402 | 2026-09-24 15:30:13.885924+00
1790263857 | async_results | 36250 | 53080 | 2026-09-24 15:30:14.087704+00
1790263859 | xmin | 0 | 0 | 
1790263859 | async_requests | 0 | 254024 | 2026-09-24 15:30:13.885924+00
1790263859 | async_results | 23296 | 92056 | 2026-09-24 15:30:14.087704+00
1790263862 | xmin | 2 | 0 | 
1790263862 | async_requests | 109261 | 292539 | 2026-09-24 15:30:13.885924+00
1790263862 | async_results | 10675 | 124600 | 2026-09-24 15:30:14.087704+00
1790263864 | xmin | 1 | 0 | 
1790263864 | async_requests | 73261 | 373947 | 2026-09-24 15:30:13.885924+00
1790263864 | async_results | 36083 | 139384 | 2026-09-24 15:30:14.087704+00
1790263867 | xmin | 2 | 0 | 
1790263867 | async_requests | 42093 | 438651 | 2026-09-24 15:30:13.885924+00
1790263867 | async_results | 26163 | 180472 | 2026-09-24 15:30:14.087704+00
1790263869 | xmin | 0 | 0 | 
1790263869 | async_requests | 28909 | 459931 | 2026-09-24 15:30:13.885924+00
1790263869 | async_results | 7910 | 211909 | 2026-09-24 15:30:14.087704+00
1790263872 | xmin | 0 | 0 | 
1790263872 | async_requests | 73600 | 462376 | 2026-09-24 15:30:13.885924+00
1790263872 | async_results | 2189 | 221208 | 2026-09-24 15:30:14.087704+00
1790263874 | xmin | 0 | 0 | 
1790263874 | async_requests | 0 | 0 | 2026-09-24 15:31:14.21658+00
1790263874 | async_results | 2189 | 221208 | 2026-09-24 15:30:14.087704+00
1790263877 | xmin | 0 | 0 | 
1790263877 | async_requests | 0 | 8512 | 2026-09-24 15:31:14.21658+00
1790263877 | async_results | 2112 | 0 | 2026-09-24 15:31:14.333049+00
1790263879 | xmin | 0 | 0 | 
1790263879 | async_requests | 0 | 8512 | 2026-09-24 15:31:14.21658+00
1790263879 | async_results | 2112 | 0 | 2026-09-24 15:31:14.333049+00
