1790263961 | xmin | 0 | 0 | 
1790263961 | async_requests | 0 | 0 | 2026-09-24 15:31:14.21658+00
1790263961 | async_results | 0 | 0 | 2026-09-24 15:31:14.333049+00
1790263963 | xmin | 0 | 0 | 
1790263963 | async_requests | 0 | 0 | 2026-09-24 15:31:14.21658+00
1790263963 | async_results | 0 | 0 | 2026-09-24 15:31:14.333049+00
1790263966 | xmin | 0 | 0 | 
1790263966 | async_requests | 0 | 0 | 2026-09-24 15:31:14.21658+00
1790263966 | async_results | 0 | 0 | 2026-09-24 15:31:14.333049+00
1790263968 | xmin | 0 | 0 | 
1790263968 | async_requests | 0 | 0 | 2026-09-24 15:31:14.21658+00
1790263968 | async_results | 0 | 0 | 2026-09-24 15:31:14.333049+00
1790263971 | xmin | 0 | 0 | 
1790263971 | async_requests | 0 | 0 | 2026-09-24 15:31:14.21658+00
1790263971 | async_results | 0 | 0 | 2026-09-24 15:31:14.333049+00
1790263973 | xmin | 0 | 0 | 
1790263973 | async_requests | 0 | 0 | 2026-09-24 15:31:14.21658+00
1790263973 | async_results | 0 | 0 | 2026-09-24 15:31:14.333049+00
1790263976 | xmin | 0 | 0 | 
1790263976 | async_requests | 0 | 0 | 2026-09-24 15:31:14.21658+00
1790263976 | async_results | 0 | 0 | 2026-09-24 15:31:14.333049+00
1790263978 | xmin | 0 | 0 | 
1790263978 | async_requests | 0 | 0 | 2026-09-24 15:31:14.21658+00
1790263978 | async_results | 0 | 0 | 2026-09-24 15:31:14.333049+00
1790263981 | xmin | 0 | 0 | 
1790263981 | async_requests | 0 | 0 | 2026-09-24 15:31:14.21658+00
1790263981 | async_results | 0 | 0 | 2026-09-24 15:31:14.333049+00
1790263983 | xmin | 0 | 0 | 
1790263983 | async_requests | 0 | 0 | 2026-09-24 15:31:14.21658+00
1790263983 | async_results | 0 | 0 | 2026-09-24 15:31:14.333049+00
1790263986 | xmin | 0 | 0 | 
1790263986 | async_requests | 0 | 0 | 2026-09-24 15:31:14.21658+00
1790263986 | async_results | 0 | 0 | 2026-09-24 15:31:14.333049+00
1790263988 | xmin | 0 | 0 | 
1790263988 | async_requests | 0 | 0 | 2026-09-24 15:31:14.21658+00
1790263988 | async_results | 0 | 0 | 2026-09-24 15:31:14.333049+00
1790263991 | xmin | 0 | 0 | 
1790263991 | async_requests | 0 | 0 | 2026-09-24 15:31:14.21658+00
1790263991 | async_results | 0 | 0 | 2026-09-24 15:31:14.333049+00
1790263993 | xmin | 0 | 0 | 
1790263993 | async_requests | 0 | 0 | 2026-09-24 15:31:14.21658+00
1790263993 | async_results | 0 | 0 | 2026-09-24 15:31:14.333049+00
1790263995 | xmin | 0 | 0 | 
1790263995 | async_requests | 0 | 0 | 2026-09-24 15:31:14.21658+00
1790263995 | async_results | 0 | 0 | 2026-09-24 15:31:14.333049+00
1790263998 | xmin | 0 | 0 | 
1790263998 | async_requests | 0 | 0 | 2026-09-24 15:31:14.21658+00
1790263998 | async_results | 0 | 0 | 2026-09-24 15:31:14.333049+00
1790264000 | xmin | 0 | 0 | 
1790264000 | async_requests | 0 | 0 | 2026-09-24 15:31:14.21658+00
1790264000 | async_results | 0 | 0 | 2026-09-24 15:31:14.333049+00
1790264003 | xmin | 0 | 0 | 
1790264003 | async_requests | 0 | 0 | 2026-09-24 15:31:14.21658+00
1790264003 | async_results | 0 | 0 | 2026-09-24 15:31:14.333049+00
1790264005 | xmin | 0 | 0 | 
1790264005 | async_requests | 0 | 0 | 2026-09-24 15:31:14.21658+00
1790264005 | async_results | 0 | 0 | 2026-09-24 15:31:14.333049+00
1790264008 | xmin | 0 | 0 | 
1790264008 | async_requests | 0 | 0 | 2026-09-24 15:31:14.21658+00
1790264008 | async_results | 0 | 0 | 2026-09-24 15:31:14.333049+00
1790264010 | xmin | 0 | 0 | 
1790264010 | async_requests | 0 | 0 | 2026-09-24 15:31:14.21658+00
1790264010 | async_results | 0 | 0 | 2026-09-24 15:31:14.333049+00
1790264013 | xmin | 0 | 0 | 
1790264013 | async_requests | 0 | 0 | 2026-09-24 15:31:14.21658+00
1790264013 | async_results | 0 | 0 | 2026-09-24 15:31:14.333049+00
1790264016 | xmin | 0 | 0 | 
1790264016 | async_requests | 0 | 0 | 2026-09-24 15:31:14.21658+00
1790264016 | async_results | 0 | 0 | 2026-09-24 15:31:14.333049+00
1790264018 | xmin | 0 | 0 | 
1790264018 | async_requests | 0 | 0 | 2026-09-24 15:31:14.21658+00
1790264018 | async_results | 0 | 0 | 2026-09-24 15:31:14.333049+00
1790264020 | xmin | 0 | 0 | 
1790264020 | async_requests | 0 | 0 | 2026-09-24 15:31:14.21658+00
1790264020 | async_results | 0 | 0 | 2026-09-24 15:31:14.333049+00
1790264023 | xmin | 0 | 0 | 
1790264023 | async_requests | 0 | 0 | 2026-09-24 15:31:14.21658+00
1790264023 | async_results | 0 | 0 | 2026-09-24 15:31:14.333049+00
1790264025 | xmin | 0 | 0 | 
1790264025 | async_requests | 0 | 0 | 2026-09-24 15:31:14.21658+00
1790264025 | async_results | 0 | 0 | 2026-09-24 15:31:14.333049+00
1790264028 | xmin | 0 | 0 | 
1790264028 | async_requests | 0 | 0 | 2026-09-24 15:31:14.21658+00
1790264028 | async_results | 0 | 0 | 2026-09-24 15:31:14.333049+00
1790264030 | xmin | 0 | 0 | 
1790264030 | async_requests | 0 | 0 | 2026-09-24 15:31:14.21658+00
1790264030 | async_results | 0 | 0 | 2026-09-24 15:31:14.333049+00
1790264033 | xmin | 0 | 0 | 
1790264033 | async_requests | 0 | 0 | 2026-09-24 15:31:14.21658+00
1790264033 | async_results | 0 | 0 | 2026-09-24 15:31:14.333049+00
1790264035 | xmin | 0 | 0 | 
1790264035 | async_requests | 0 | 0 | 2026-09-24 15:31:14.21658+00
1790264035 | async_results | 0 | 0 | 2026-09-24 15:31:14.333049+00
1790264038 | xmin | 0 | 0 | 
1790264038 | async_requests | 0 | 0 | 2026-09-24 15:31:14.21658+00
1790264038 | async_results | 0 | 0 | 2026-09-24 15:31:14.333049+00
1790264040 | xmin | 0 | 0 | 
1790264040 | async_requests | 0 | 0 | 2026-09-24 15:31:14.21658+00
1790264040 | async_results | 0 | 0 | 2026-09-24 15:31:14.333049+00
1790264043 | xmin | 0 | 0 | 
1790264043 | async_requests | 0 | 0 | 2026-09-24 15:31:14.21658+00
1790264043 | async_results | 0 | 0 | 2026-09-24 15:31:14.333049+00
1790264045 | xmin | 0 | 0 | 
1790264045 | async_requests | 0 | 0 | 2026-09-24 15:31:14.21658+00
1790264045 | async_results | 0 | 0 | 2026-09-24 15:31:14.333049+00
